<?xml version="1.0" encoding="utf-8"?>
<?AutomationStudio Version="4.12.5.95 SP"?>
<Objects>
  <Object
    Path="D:\Git\mocs_proto\MOCS_AS\Logical\Package.pkg"
    LogicalPath=""
    Type="Package.ParentUnknown"
    LastWriteTime="134081837985616483" />
  <Object
    Path="D:\Git\mocs_proto\MOCS_AS\Logical\Global.typ"
    LogicalPath="Global.typ"
    Type="File"
    LastWriteTime="133857133700000000"
    Private="false" />
  <Object
    Path="D:\Git\mocs_proto\MOCS_AS\Logical\Global.var"
    LogicalPath="Global.var"
    Type="File"
    LastWriteTime="134080037215053873"
    Private="false" />
  <Object
    Path="D:\Git\mocs_proto\MOCS_AS\Logical\RcpTypes.typ"
    LogicalPath="RcpTypes.typ"
    Type="File"
    LastWriteTime="134087970669524164"
    Private="false" />
  <Object
    Path="D:\Git\mocs_proto\MOCS_AS\Logical\MATLAB_Interface\Package.pkg"
    LogicalPath="MATLAB_Interface"
    Type="Package"
    LastWriteTime="134091968894537541" />
  <Object
    Path="D:\Git\mocs_proto\MOCS_AS\Logical\MATLAB_Interface\MAT_IF.var"
    LogicalPath="MATLAB_Interface.MAT_IF.var"
    Type="File"
    LastWriteTime="134091969004985193"
    Private="false" />
  <Object
    Path="D:\Git\mocs_proto\MOCS_AS\Logical\MATLAB_Interface\MAT_AL.typ"
    LogicalPath="MATLAB_Interface.MAT_AL.typ"
    Type="File"
    LastWriteTime="134091968464812507"
    Private="false" />
  <Object
    Path="D:\Git\mocs_proto\MOCS_AS\Logical\MATLAB_Interface\MAT_IO.var"
    LogicalPath="MATLAB_Interface.MAT_IO.var"
    Type="File"
    LastWriteTime="134081840913144125"
    Private="false" />
  <Object
    Path="D:\Git\mocs_proto\MOCS_AS\Logical\MATLAB_Interface\MAT_IO.typ"
    LogicalPath="MATLAB_Interface.MAT_IO.typ"
    Type="File"
    LastWriteTime="134090420988585076"
    Private="false" />
  <Object
    Path="D:\Git\mocs_proto\MOCS_AS\Logical\MATLAB_Interface\MAT_IO_test\IEC.prg"
    LogicalPath="MATLAB_Interface.MAT_IO_test"
    Type="Program"
    LastWriteTime="134081006091947054" />
  <Object
    Path="D:\Git\mocs_proto\MOCS_AS\Logical\MATLAB_Interface\MAT_IO_test\Main.st"
    LogicalPath="MATLAB_Interface.MAT_IO_test.Main.st"
    Type="File"
    LastWriteTime="134081878338616540"
    Private="false" />
  <Object
    Path="D:\Git\mocs_proto\MOCS_AS\Logical\MATLAB_Interface\MAT_IO_test\Types.typ"
    LogicalPath="MATLAB_Interface.MAT_IO_test.Types.typ"
    Type="File"
    LastWriteTime="134081006091947054"
    Private="true" />
  <Object
    Path="D:\Git\mocs_proto\MOCS_AS\Logical\MATLAB_Interface\MAT_IO_test\Variables.var"
    LogicalPath="MATLAB_Interface.MAT_IO_test.Variables.var"
    Type="File"
    LastWriteTime="134081006091947054"
    Private="true" />
  <Object
    Path="D:\Git\mocs_proto\MOCS_AS\Logical\Libraries\Package.pkg"
    LogicalPath="Libraries"
    Type="Package"
    LastWriteTime="134080951968190814" />
  <Object
    Path="D:\Git\mocs_proto\MOCS_AS\Logical\Libraries\operator\binary.lby"
    LogicalPath="Libraries.operator"
    Type="Library"
    LastWriteTime="133857133720000000" />
  <Object
    Path="D:\Git\mocs_proto\MOCS_AS\Logical\Libraries\operator\operator.fun"
    LogicalPath="Libraries.operator.operator.fun"
    Type="File"
    LastWriteTime="133857133720000000"
    Private="false" />
  <Object
    Path="D:\Git\mocs_proto\MOCS_AS\Logical\Libraries\operator\operator.typ"
    LogicalPath="Libraries.operator.operator.typ"
    Type="File"
    LastWriteTime="133857133720000000"
    Private="false" />
  <Object
    Path="D:\Git\mocs_proto\MOCS_AS\Logical\Libraries\operator\operator.var"
    LogicalPath="Libraries.operator.operator.var"
    Type="File"
    LastWriteTime="133857133720000000"
    Private="false" />
  <Object
    Path="D:\Git\mocs_proto\MOCS_AS\Logical\Libraries\runtime\binary.lby"
    LogicalPath="Libraries.runtime"
    Type="Library"
    LastWriteTime="133857133740000000" />
  <Object
    Path="D:\Git\mocs_proto\MOCS_AS\Logical\Libraries\runtime\runtime.fun"
    LogicalPath="Libraries.runtime.runtime.fun"
    Type="File"
    LastWriteTime="133857133740000000"
    Private="false" />
  <Object
    Path="D:\Git\mocs_proto\MOCS_AS\Logical\Libraries\runtime\runtime.typ"
    LogicalPath="Libraries.runtime.runtime.typ"
    Type="File"
    LastWriteTime="133857133740000000"
    Private="false" />
  <Object
    Path="D:\Git\mocs_proto\MOCS_AS\Logical\Libraries\runtime\runtime.var"
    LogicalPath="Libraries.runtime.runtime.var"
    Type="File"
    LastWriteTime="133857133740000000"
    Private="false" />
  <Object
    Path="D:\Git\mocs_proto\MOCS_AS\Logical\Libraries\astime\binary.lby"
    LogicalPath="Libraries.astime"
    Type="Library"
    LastWriteTime="133857133740000000" />
  <Object
    Path="D:\Git\mocs_proto\MOCS_AS\Logical\Libraries\astime\astime.fun"
    LogicalPath="Libraries.astime.astime.fun"
    Type="File"
    LastWriteTime="133857133740000000"
    Private="false" />
  <Object
    Path="D:\Git\mocs_proto\MOCS_AS\Logical\Libraries\astime\astime.typ"
    LogicalPath="Libraries.astime.astime.typ"
    Type="File"
    LastWriteTime="133857133740000000"
    Private="false" />
  <Object
    Path="D:\Git\mocs_proto\MOCS_AS\Logical\Libraries\astime\astime.var"
    LogicalPath="Libraries.astime.astime.var"
    Type="File"
    LastWriteTime="133857133740000000"
    Private="false" />
  <Object
    Path="D:\Git\mocs_proto\MOCS_AS\Logical\Libraries\AsIecCon\binary.lby"
    LogicalPath="Libraries.AsIecCon"
    Type="Library"
    LastWriteTime="133857133740000000" />
  <Object
    Path="D:\Git\mocs_proto\MOCS_AS\Logical\Libraries\AsIecCon\AsIecCon.fun"
    LogicalPath="Libraries.AsIecCon.AsIecCon.fun"
    Type="File"
    LastWriteTime="133857133740000000"
    Private="false" />
  <Object
    Path="D:\Git\mocs_proto\MOCS_AS\Logical\Libraries\AsIecCon\AsIecCon.typ"
    LogicalPath="Libraries.AsIecCon.AsIecCon.typ"
    Type="File"
    LastWriteTime="133857133740000000"
    Private="false" />
  <Object
    Path="D:\Git\mocs_proto\MOCS_AS\Logical\Libraries\AsIecCon\AsIecCon.var"
    LogicalPath="Libraries.AsIecCon.AsIecCon.var"
    Type="File"
    LastWriteTime="133857133740000000"
    Private="false" />
  <Object
    Path="D:\Git\mocs_proto\MOCS_AS\Logical\Libraries\brsystem\binary.lby"
    LogicalPath="Libraries.brsystem"
    Type="Library"
    LastWriteTime="133849547340000000" />
  <Object
    Path="D:\Git\mocs_proto\MOCS_AS\Logical\Libraries\brsystem\brsystem.fun"
    LogicalPath="Libraries.brsystem.brsystem.fun"
    Type="File"
    LastWriteTime="133849547340000000"
    Private="false" />
  <Object
    Path="D:\Git\mocs_proto\MOCS_AS\Logical\Libraries\brsystem\brsystem.typ"
    LogicalPath="Libraries.brsystem.brsystem.typ"
    Type="File"
    LastWriteTime="133849547340000000"
    Private="false" />
  <Object
    Path="D:\Git\mocs_proto\MOCS_AS\Logical\Libraries\brsystem\brsystem.var"
    LogicalPath="Libraries.brsystem.brsystem.var"
    Type="File"
    LastWriteTime="133849547340000000"
    Private="false" />
  <Object
    Path="D:\Git\mocs_proto\MOCS_AS\Logical\Libraries\sys_lib\binary.lby"
    LogicalPath="Libraries.sys_lib"
    Type="Library"
    LastWriteTime="133849547340000000" />
  <Object
    Path="D:\Git\mocs_proto\MOCS_AS\Logical\Libraries\sys_lib\sys_lib.fun"
    LogicalPath="Libraries.sys_lib.sys_lib.fun"
    Type="File"
    LastWriteTime="133849547340000000"
    Private="false" />
  <Object
    Path="D:\Git\mocs_proto\MOCS_AS\Logical\Libraries\sys_lib\sys_lib.typ"
    LogicalPath="Libraries.sys_lib.sys_lib.typ"
    Type="File"
    LastWriteTime="133849547340000000"
    Private="false" />
  <Object
    Path="D:\Git\mocs_proto\MOCS_AS\Logical\Libraries\sys_lib\sys_lib.var"
    LogicalPath="Libraries.sys_lib.sys_lib.var"
    Type="File"
    LastWriteTime="133849547340000000"
    Private="false" />
  <Object
    Path="D:\Git\mocs_proto\MOCS_AS\Logical\Package\Package.pkg"
    LogicalPath="Package"
    Type="Package"
    LastWriteTime="133897874780782572" />
  <Object
    Path="D:\Git\mocs_proto\MOCS_AS\Logical\Package\COSMO_SET\IEC.prg"
    LogicalPath="Package.COSMO_SET"
    Type="Program"
    LastWriteTime="133858063509868544" />
  <Object
    Path="D:\Git\mocs_proto\MOCS_AS\Logical\Package\COSMO_SET\Main.st"
    LogicalPath="Package.COSMO_SET.Main.st"
    Type="File"
    LastWriteTime="133860590799714680"
    Private="false" />
  <Object
    Path="D:\Git\mocs_proto\MOCS_AS\Logical\Package\COSMO_SET\Types.typ"
    LogicalPath="Package.COSMO_SET.Types.typ"
    Type="File"
    LastWriteTime="133858063509858574"
    Private="true" />
  <Object
    Path="D:\Git\mocs_proto\MOCS_AS\Logical\Package\COSMO_SET\Variables.var"
    LogicalPath="Package.COSMO_SET.Variables.var"
    Type="File"
    LastWriteTime="133860588470160757"
    Private="true" />
  <Object
    Path="D:\Git\mocs_proto\MOCS_AS\Logical\IODefinitions\Package.pkg"
    LogicalPath="IODefinitions"
    Type="Package"
    LastWriteTime="134080952577093749" />
  <Object
    Path="D:\Git\mocs_proto\MOCS_AS\Logical\IODefinitions\IODiver\IEC.prg"
    LogicalPath="IODefinitions.IODiver"
    Type="Program"
    LastWriteTime="133897904390725068" />
  <Object
    Path="D:\Git\mocs_proto\MOCS_AS\Logical\IODefinitions\IODiver\IODiver.st"
    LogicalPath="IODefinitions.IODiver.IODiver.st"
    Type="File"
    LastWriteTime="134081006373340756"
    Private="false" />
  <Object
    Path="D:\Git\mocs_proto\MOCS_AS\Logical\IODefinitions\IODiver\IODiver.typ"
    LogicalPath="IODefinitions.IODiver.IODiver.typ"
    Type="File"
    LastWriteTime="133897903982918619"
    Private="true" />
  <Object
    Path="D:\Git\mocs_proto\MOCS_AS\Logical\IODefinitions\IODiver\IODiver.var"
    LogicalPath="IODefinitions.IODiver.IODiver.var"
    Type="File"
    LastWriteTime="133897903982928592"
    Private="true" />
  <Object
    Path="D:\Git\mocs_proto\MOCS_AS\Logical\CtrlLogic\ANSIC.prg"
    LogicalPath="CtrlLogic"
    Type="Program"
    LastWriteTime="134081837970000000" />
  <Object
    Path="D:\Git\mocs_proto\MOCS_AS\Logical\CtrlLogic\CtrlLogic.c"
    LogicalPath="CtrlLogic.CtrlLogic.c"
    Type="File"
    LastWriteTime="134081837970000000"
    Private="false" />
  <Object
    Path="D:\Git\mocs_proto\MOCS_AS\Logical\CtrlLogic\MOCS_AS_Gen.c"
    LogicalPath="CtrlLogic.MOCS_AS_Gen.c"
    Type="File"
    LastWriteTime="134081837970000000"
    Private="false" />
  <Object
    Path="D:\Git\mocs_proto\MOCS_AS\Logical\CtrlLogic\MOCS_AS_Gen.h"
    LogicalPath="CtrlLogic.MOCS_AS_Gen.h"
    Type="File"
    LastWriteTime="134081837970000000"
    Private="false" />
  <Object
    Path="D:\Git\mocs_proto\MOCS_AS\Logical\CtrlLogic\MOCS_AS_Gen_private.h"
    LogicalPath="CtrlLogic.MOCS_AS_Gen_private.h"
    Type="File"
    LastWriteTime="134081837970000000"
    Private="false" />
  <Object
    Path="D:\Git\mocs_proto\MOCS_AS\Logical\CtrlLogic\MOCS_AS_Gen_types.h"
    LogicalPath="CtrlLogic.MOCS_AS_Gen_types.h"
    Type="File"
    LastWriteTime="134081837970000000"
    Private="false" />
  <Object
    Path="D:\Git\mocs_proto\MOCS_AS\Logical\CtrlLogic\global.txt"
    LogicalPath="CtrlLogic.global.txt"
    Type="File"
    LastWriteTime="134081837950000000"
    Private="false" />
  <Object
    Path="D:\Git\mocs_proto\MOCS_AS\Logical\CtrlLogic\local.typ"
    LogicalPath="CtrlLogic.local.typ"
    Type="File"
    LastWriteTime="134081837950000000"
    Private="true" />
  <Object
    Path="D:\Git\mocs_proto\MOCS_AS\Logical\CtrlLogic\local.var"
    LogicalPath="CtrlLogic.local.var"
    Type="File"
    LastWriteTime="134081837950000000"
    Private="true" />
  <Object
    Path="D:\Git\mocs_proto\MOCS_AS\Logical\CtrlLogic\rtwtypes.h"
    LogicalPath="CtrlLogic.rtwtypes.h"
    Type="File"
    LastWriteTime="134081837970000000"
    Private="false" />
  <Object
    Path="D:\Git\mocs_proto\MOCS_AS\Logical\CtrlLogic\task_properties.txt"
    LogicalPath="CtrlLogic.task_properties.txt"
    Type="File"
    LastWriteTime="134081837970000000"
    Private="false" />
  <Object
    Path="D:\Git\mocs_proto\MOCS_AS\Logical\MATLAB_includes\package.pkg"
    LogicalPath="MATLAB_includes"
    Type="Package"
    LastWriteTime="134081837984669690" />
  <Object
    Path="D:\Git\mocs_proto\MOCS_AS\Logical\MATLAB_includes\R2022b\package.pkg"
    LogicalPath="MATLAB_includes.R2022b"
    Type="Package"
    LastWriteTime="134081616893211410" />
  <Object
    Path="D:\Git\mocs_proto\MOCS_AS\Logical\MATLAB_includes\R2022b\MatlabDataArray.hpp"
    LogicalPath="MATLAB_includes.R2022b.MatlabDataArray.hpp"
    Type="File"
    LastWriteTime="133476445340000000"
    Private="false" />
  <Object
    Path="D:\Git\mocs_proto\MOCS_AS\Logical\MATLAB_includes\R2022b\MatlabEngine.hpp"
    LogicalPath="MATLAB_includes.R2022b.MatlabEngine.hpp"
    Type="File"
    LastWriteTime="133476445340000000"
    Private="false" />
  <Object
    Path="D:\Git\mocs_proto\MOCS_AS\Logical\MATLAB_includes\R2022b\bio_sig.h"
    LogicalPath="MATLAB_includes.R2022b.bio_sig.h"
    Type="File"
    LastWriteTime="133476445340000000"
    Private="false" />
  <Object
    Path="D:\Git\mocs_proto\MOCS_AS\Logical\MATLAB_includes\R2022b\blas.h"
    LogicalPath="MATLAB_includes.R2022b.blas.h"
    Type="File"
    LastWriteTime="133476445340000000"
    Private="false" />
  <Object
    Path="D:\Git\mocs_proto\MOCS_AS\Logical\MATLAB_includes\R2022b\blascompat32.h"
    LogicalPath="MATLAB_includes.R2022b.blascompat32.h"
    Type="File"
    LastWriteTime="133476445340000000"
    Private="false" />
  <Object
    Path="D:\Git\mocs_proto\MOCS_AS\Logical\MATLAB_includes\R2022b\cg_matrx.h"
    LogicalPath="MATLAB_includes.R2022b.cg_matrx.h"
    Type="File"
    LastWriteTime="133476445340000000"
    Private="false" />
  <Object
    Path="D:\Git\mocs_proto\MOCS_AS\Logical\MATLAB_includes\R2022b\cg_sfun.h"
    LogicalPath="MATLAB_includes.R2022b.cg_sfun.h"
    Type="File"
    LastWriteTime="133476445340000000"
    Private="false" />
  <Object
    Path="D:\Git\mocs_proto\MOCS_AS\Logical\MATLAB_includes\R2022b\cgxeooprt.h"
    LogicalPath="MATLAB_includes.R2022b.cgxeooprt.h"
    Type="File"
    LastWriteTime="133476445340000000"
    Private="false" />
  <Object
    Path="D:\Git\mocs_proto\MOCS_AS\Logical\MATLAB_includes\R2022b\cgxert.h"
    LogicalPath="MATLAB_includes.R2022b.cgxert.h"
    Type="File"
    LastWriteTime="133476445340000000"
    Private="false" />
  <Object
    Path="D:\Git\mocs_proto\MOCS_AS\Logical\MATLAB_includes\R2022b\covrt.h"
    LogicalPath="MATLAB_includes.R2022b.covrt.h"
    Type="File"
    LastWriteTime="133476445340000000"
    Private="false" />
  <Object
    Path="D:\Git\mocs_proto\MOCS_AS\Logical\MATLAB_includes\R2022b\dt_info.h"
    LogicalPath="MATLAB_includes.R2022b.dt_info.h"
    Type="File"
    LastWriteTime="133476445340000000"
    Private="false" />
  <Object
    Path="D:\Git\mocs_proto\MOCS_AS\Logical\MATLAB_includes\R2022b\emlrt.h"
    LogicalPath="MATLAB_includes.R2022b.emlrt.h"
    Type="File"
    LastWriteTime="133476445340000000"
    Private="false" />
  <Object
    Path="D:\Git\mocs_proto\MOCS_AS\Logical\MATLAB_includes\R2022b\engine.h"
    LogicalPath="MATLAB_includes.R2022b.engine.h"
    Type="File"
    LastWriteTime="133476445340000000"
    Private="false" />
  <Object
    Path="D:\Git\mocs_proto\MOCS_AS\Logical\MATLAB_includes\R2022b\ext_share.h"
    LogicalPath="MATLAB_includes.R2022b.ext_share.h"
    Type="File"
    LastWriteTime="133476445340000000"
    Private="false" />
  <Object
    Path="D:\Git\mocs_proto\MOCS_AS\Logical\MATLAB_includes\R2022b\ext_svr.h"
    LogicalPath="MATLAB_includes.R2022b.ext_svr.h"
    Type="File"
    LastWriteTime="133476445340000000"
    Private="false" />
  <Object
    Path="D:\Git\mocs_proto\MOCS_AS\Logical\MATLAB_includes\R2022b\ext_svr_transport.h"
    LogicalPath="MATLAB_includes.R2022b.ext_svr_transport.h"
    Type="File"
    LastWriteTime="133476445340000000"
    Private="false" />
  <Object
    Path="D:\Git\mocs_proto\MOCS_AS\Logical\MATLAB_includes\R2022b\ext_test.h"
    LogicalPath="MATLAB_includes.R2022b.ext_test.h"
    Type="File"
    LastWriteTime="133476445340000000"
    Private="false" />
  <Object
    Path="D:\Git\mocs_proto\MOCS_AS\Logical\MATLAB_includes\R2022b\ext_types.h"
    LogicalPath="MATLAB_includes.R2022b.ext_types.h"
    Type="File"
    LastWriteTime="133476445340000000"
    Private="false" />
  <Object
    Path="D:\Git\mocs_proto\MOCS_AS\Logical\MATLAB_includes\R2022b\ext_work.h"
    LogicalPath="MATLAB_includes.R2022b.ext_work.h"
    Type="File"
    LastWriteTime="133476445340000000"
    Private="false" />
  <Object
    Path="D:\Git\mocs_proto\MOCS_AS\Logical\MATLAB_includes\R2022b\fintrf.h"
    LogicalPath="MATLAB_includes.R2022b.fintrf.h"
    Type="File"
    LastWriteTime="133476445340000000"
    Private="false" />
  <Object
    Path="D:\Git\mocs_proto\MOCS_AS\Logical\MATLAB_includes\R2022b\fixedpoint.h"
    LogicalPath="MATLAB_includes.R2022b.fixedpoint.h"
    Type="File"
    LastWriteTime="133476445340000000"
    Private="false" />
  <Object
    Path="D:\Git\mocs_proto\MOCS_AS\Logical\MATLAB_includes\R2022b\fixpoint_spec.h"
    LogicalPath="MATLAB_includes.R2022b.fixpoint_spec.h"
    Type="File"
    LastWriteTime="133476445340000000"
    Private="false" />
  <Object
    Path="D:\Git\mocs_proto\MOCS_AS\Logical\MATLAB_includes\R2022b\i18n_c_api.h"
    LogicalPath="MATLAB_includes.R2022b.i18n_c_api.h"
    Type="File"
    LastWriteTime="133476445340000000"
    Private="false" />
  <Object
    Path="D:\Git\mocs_proto\MOCS_AS\Logical\MATLAB_includes\R2022b\io64.h"
    LogicalPath="MATLAB_includes.R2022b.io64.h"
    Type="File"
    LastWriteTime="133476445340000000"
    Private="false" />
  <Object
    Path="D:\Git\mocs_proto\MOCS_AS\Logical\MATLAB_includes\R2022b\lapack.h"
    LogicalPath="MATLAB_includes.R2022b.lapack.h"
    Type="File"
    LastWriteTime="133476445340000000"
    Private="false" />
  <Object
    Path="D:\Git\mocs_proto\MOCS_AS\Logical\MATLAB_includes\R2022b\lapacke.h"
    LogicalPath="MATLAB_includes.R2022b.lapacke.h"
    Type="File"
    LastWriteTime="133476445340000000"
    Private="false" />
  <Object
    Path="D:\Git\mocs_proto\MOCS_AS\Logical\MATLAB_includes\R2022b\lapacke_config.h"
    LogicalPath="MATLAB_includes.R2022b.lapacke_config.h"
    Type="File"
    LastWriteTime="133476445340000000"
    Private="false" />
  <Object
    Path="D:\Git\mocs_proto\MOCS_AS\Logical\MATLAB_includes\R2022b\libmwjpegreader.h"
    LogicalPath="MATLAB_includes.R2022b.libmwjpegreader.h"
    Type="File"
    LastWriteTime="133476445340000000"
    Private="false" />
  <Object
    Path="D:\Git\mocs_proto\MOCS_AS\Logical\MATLAB_includes\R2022b\libmwrgb2gray_tbb.h"
    LogicalPath="MATLAB_includes.R2022b.libmwrgb2gray_tbb.h"
    Type="File"
    LastWriteTime="133476445340000000"
    Private="false" />
  <Object
    Path="D:\Git\mocs_proto\MOCS_AS\Logical\MATLAB_includes\R2022b\libmwrgb2hsv_tbb.h"
    LogicalPath="MATLAB_includes.R2022b.libmwrgb2hsv_tbb.h"
    Type="File"
    LastWriteTime="133476445340000000"
    Private="false" />
  <Object
    Path="D:\Git\mocs_proto\MOCS_AS\Logical\MATLAB_includes\R2022b\libmwslsa_sim.h"
    LogicalPath="MATLAB_includes.R2022b.libmwslsa_sim.h"
    Type="File"
    LastWriteTime="133476445340000000"
    Private="false" />
  <Object
    Path="D:\Git\mocs_proto\MOCS_AS\Logical\MATLAB_includes\R2022b\mat.h"
    LogicalPath="MATLAB_includes.R2022b.mat.h"
    Type="File"
    LastWriteTime="133476445340000000"
    Private="false" />
  <Object
    Path="D:\Git\mocs_proto\MOCS_AS\Logical\MATLAB_includes\R2022b\matrix.h"
    LogicalPath="MATLAB_includes.R2022b.matrix.h"
    Type="File"
    LastWriteTime="133476445340000000"
    Private="false" />
  <Object
    Path="D:\Git\mocs_proto\MOCS_AS\Logical\MATLAB_includes\R2022b\mdl_info.h"
    LogicalPath="MATLAB_includes.R2022b.mdl_info.h"
    Type="File"
    LastWriteTime="133476445340000000"
    Private="false" />
  <Object
    Path="D:\Git\mocs_proto\MOCS_AS\Logical\MATLAB_includes\R2022b\mem_mgr.h"
    LogicalPath="MATLAB_includes.R2022b.mem_mgr.h"
    Type="File"
    LastWriteTime="133476445340000000"
    Private="false" />
  <Object
    Path="D:\Git\mocs_proto\MOCS_AS\Logical\MATLAB_includes\R2022b\mex.h"
    LogicalPath="MATLAB_includes.R2022b.mex.h"
    Type="File"
    LastWriteTime="133476445340000000"
    Private="false" />
  <Object
    Path="D:\Git\mocs_proto\MOCS_AS\Logical\MATLAB_includes\R2022b\mwmathutil.h"
    LogicalPath="MATLAB_includes.R2022b.mwmathutil.h"
    Type="File"
    LastWriteTime="133476445340000000"
    Private="false" />
  <Object
    Path="D:\Git\mocs_proto\MOCS_AS\Logical\MATLAB_includes\R2022b\odesup.h"
    LogicalPath="MATLAB_includes.R2022b.odesup.h"
    Type="File"
    LastWriteTime="133476445340000000"
    Private="false" />
  <Object
    Path="D:\Git\mocs_proto\MOCS_AS\Logical\MATLAB_includes\R2022b\polygonBoolean.h"
    LogicalPath="MATLAB_includes.R2022b.polygonBoolean.h"
    Type="File"
    LastWriteTime="133476445340000000"
    Private="false" />
  <Object
    Path="D:\Git\mocs_proto\MOCS_AS\Logical\MATLAB_includes\R2022b\pt_info.h"
    LogicalPath="MATLAB_includes.R2022b.pt_info.h"
    Type="File"
    LastWriteTime="133476445340000000"
    Private="false" />
  <Object
    Path="D:\Git\mocs_proto\MOCS_AS\Logical\MATLAB_includes\R2022b\rt_logging.h"
    LogicalPath="MATLAB_includes.R2022b.rt_logging.h"
    Type="File"
    LastWriteTime="133476445340000000"
    Private="false" />
  <Object
    Path="D:\Git\mocs_proto\MOCS_AS\Logical\MATLAB_includes\R2022b\rt_logging_mmi.h"
    LogicalPath="MATLAB_includes.R2022b.rt_logging_mmi.h"
    Type="File"
    LastWriteTime="133476445340000000"
    Private="false" />
  <Object
    Path="D:\Git\mocs_proto\MOCS_AS\Logical\MATLAB_includes\R2022b\rt_logging_simtarget.h"
    LogicalPath="MATLAB_includes.R2022b.rt_logging_simtarget.h"
    Type="File"
    LastWriteTime="133476445340000000"
    Private="false" />
  <Object
    Path="D:\Git\mocs_proto\MOCS_AS\Logical\MATLAB_includes\R2022b\rt_math.h"
    LogicalPath="MATLAB_includes.R2022b.rt_math.h"
    Type="File"
    LastWriteTime="133476445340000000"
    Private="false" />
  <Object
    Path="D:\Git\mocs_proto\MOCS_AS\Logical\MATLAB_includes\R2022b\rt_matrx.h"
    LogicalPath="MATLAB_includes.R2022b.rt_matrx.h"
    Type="File"
    LastWriteTime="133476445340000000"
    Private="false" />
  <Object
    Path="D:\Git\mocs_proto\MOCS_AS\Logical\MATLAB_includes\R2022b\rt_mxclassid.h"
    LogicalPath="MATLAB_includes.R2022b.rt_mxclassid.h"
    Type="File"
    LastWriteTime="133476445340000000"
    Private="false" />
  <Object
    Path="D:\Git\mocs_proto\MOCS_AS\Logical\MATLAB_includes\R2022b\rt_sim.h"
    LogicalPath="MATLAB_includes.R2022b.rt_sim.h"
    Type="File"
    LastWriteTime="133476445340000000"
    Private="false" />
  <Object
    Path="D:\Git\mocs_proto\MOCS_AS\Logical\MATLAB_includes\R2022b\rtiostream.h"
    LogicalPath="MATLAB_includes.R2022b.rtiostream.h"
    Type="File"
    LastWriteTime="133476445340000000"
    Private="false" />
  <Object
    Path="D:\Git\mocs_proto\MOCS_AS\Logical\MATLAB_includes\R2022b\rtmcmacros.h"
    LogicalPath="MATLAB_includes.R2022b.rtmcmacros.h"
    Type="File"
    LastWriteTime="133476445340000000"
    Private="false" />
  <Object
    Path="D:\Git\mocs_proto\MOCS_AS\Logical\MATLAB_includes\R2022b\rtmmacros.h"
    LogicalPath="MATLAB_includes.R2022b.rtmmacros.h"
    Type="File"
    LastWriteTime="133476445340000000"
    Private="false" />
  <Object
    Path="D:\Git\mocs_proto\MOCS_AS\Logical\MATLAB_includes\R2022b\rtsplntypes.h"
    LogicalPath="MATLAB_includes.R2022b.rtsplntypes.h"
    Type="File"
    LastWriteTime="133476445340000000"
    Private="false" />
  <Object
    Path="D:\Git\mocs_proto\MOCS_AS\Logical\MATLAB_includes\R2022b\rtw_capi.h"
    LogicalPath="MATLAB_includes.R2022b.rtw_capi.h"
    Type="File"
    LastWriteTime="133476445340000000"
    Private="false" />
  <Object
    Path="D:\Git\mocs_proto\MOCS_AS\Logical\MATLAB_includes\R2022b\rtw_capi_examples.h"
    LogicalPath="MATLAB_includes.R2022b.rtw_capi_examples.h"
    Type="File"
    LastWriteTime="133476445340000000"
    Private="false" />
  <Object
    Path="D:\Git\mocs_proto\MOCS_AS\Logical\MATLAB_includes\R2022b\rtw_continuous.h"
    LogicalPath="MATLAB_includes.R2022b.rtw_continuous.h"
    Type="File"
    LastWriteTime="133476445340000000"
    Private="false" />
  <Object
    Path="D:\Git\mocs_proto\MOCS_AS\Logical\MATLAB_includes\R2022b\rtw_extmode.h"
    LogicalPath="MATLAB_includes.R2022b.rtw_extmode.h"
    Type="File"
    LastWriteTime="133476445340000000"
    Private="false" />
  <Object
    Path="D:\Git\mocs_proto\MOCS_AS\Logical\MATLAB_includes\R2022b\rtw_linux.h"
    LogicalPath="MATLAB_includes.R2022b.rtw_linux.h"
    Type="File"
    LastWriteTime="133476445340000000"
    Private="false" />
  <Object
    Path="D:\Git\mocs_proto\MOCS_AS\Logical\MATLAB_includes\R2022b\rtw_linux_mac.h"
    LogicalPath="MATLAB_includes.R2022b.rtw_linux_mac.h"
    Type="File"
    LastWriteTime="133476445340000000"
    Private="false" />
  <Object
    Path="D:\Git\mocs_proto\MOCS_AS\Logical\MATLAB_includes\R2022b\rtw_matlogging.h"
    LogicalPath="MATLAB_includes.R2022b.rtw_matlogging.h"
    Type="File"
    LastWriteTime="133476445340000000"
    Private="false" />
  <Object
    Path="D:\Git\mocs_proto\MOCS_AS\Logical\MATLAB_includes\R2022b\rtw_matlogging_simtarget.h"
    LogicalPath="MATLAB_includes.R2022b.rtw_matlogging_simtarget.h"
    Type="File"
    LastWriteTime="133476445340000000"
    Private="false" />
  <Object
    Path="D:\Git\mocs_proto\MOCS_AS\Logical\MATLAB_includes\R2022b\rtw_modelmap.h"
    LogicalPath="MATLAB_includes.R2022b.rtw_modelmap.h"
    Type="File"
    LastWriteTime="133476445340000000"
    Private="false" />
  <Object
    Path="D:\Git\mocs_proto\MOCS_AS\Logical\MATLAB_includes\R2022b\rtw_modelmap_logging.h"
    LogicalPath="MATLAB_includes.R2022b.rtw_modelmap_logging.h"
    Type="File"
    LastWriteTime="133476445340000000"
    Private="false" />
  <Object
    Path="D:\Git\mocs_proto\MOCS_AS\Logical\MATLAB_includes\R2022b\rtw_msvc_lshift.h"
    LogicalPath="MATLAB_includes.R2022b.rtw_msvc_lshift.h"
    Type="File"
    LastWriteTime="133476445340000000"
    Private="false" />
  <Object
    Path="D:\Git\mocs_proto\MOCS_AS\Logical\MATLAB_includes\R2022b\rtw_solver.h"
    LogicalPath="MATLAB_includes.R2022b.rtw_solver.h"
    Type="File"
    LastWriteTime="133476445340000000"
    Private="false" />
  <Object
    Path="D:\Git\mocs_proto\MOCS_AS\Logical\MATLAB_includes\R2022b\rtw_storage.h"
    LogicalPath="MATLAB_includes.R2022b.rtw_storage.h"
    Type="File"
    LastWriteTime="133476445340000000"
    Private="false" />
  <Object
    Path="D:\Git\mocs_proto\MOCS_AS\Logical\MATLAB_includes\R2022b\rtw_windows.h"
    LogicalPath="MATLAB_includes.R2022b.rtw_windows.h"
    Type="File"
    LastWriteTime="133476445340000000"
    Private="false" />
  <Object
    Path="D:\Git\mocs_proto\MOCS_AS\Logical\MATLAB_includes\R2022b\sfcn_bridge.h"
    LogicalPath="MATLAB_includes.R2022b.sfcn_bridge.h"
    Type="File"
    LastWriteTime="133476445340000000"
    Private="false" />
  <Object
    Path="D:\Git\mocs_proto\MOCS_AS\Logical\MATLAB_includes\R2022b\sfcn_loader_c_api.h"
    LogicalPath="MATLAB_includes.R2022b.sfcn_loader_c_api.h"
    Type="File"
    LastWriteTime="133476445340000000"
    Private="false" />
  <Object
    Path="D:\Git\mocs_proto\MOCS_AS\Logical\MATLAB_includes\R2022b\sfun_rtwcg.hpp"
    LogicalPath="MATLAB_includes.R2022b.sfun_rtwcg.hpp"
    Type="File"
    LastWriteTime="133476445340000000"
    Private="false" />
  <Object
    Path="D:\Git\mocs_proto\MOCS_AS\Logical\MATLAB_includes\R2022b\sigmapdef_sfcn.h"
    LogicalPath="MATLAB_includes.R2022b.sigmapdef_sfcn.h"
    Type="File"
    LastWriteTime="133476445340000000"
    Private="false" />
  <Object
    Path="D:\Git\mocs_proto\MOCS_AS\Logical\MATLAB_includes\R2022b\sigregdef.h"
    LogicalPath="MATLAB_includes.R2022b.sigregdef.h"
    Type="File"
    LastWriteTime="133476445340000000"
    Private="false" />
  <Object
    Path="D:\Git\mocs_proto\MOCS_AS\Logical\MATLAB_includes\R2022b\sigstream_rtw.h"
    LogicalPath="MATLAB_includes.R2022b.sigstream_rtw.h"
    Type="File"
    LastWriteTime="133476445340000000"
    Private="false" />
  <Object
    Path="D:\Git\mocs_proto\MOCS_AS\Logical\MATLAB_includes\R2022b\simlogCIntrf.h"
    LogicalPath="MATLAB_includes.R2022b.simlogCIntrf.h"
    Type="File"
    LastWriteTime="133476445340000000"
    Private="false" />
  <Object
    Path="D:\Git\mocs_proto\MOCS_AS\Logical\MATLAB_includes\R2022b\simstruc.h"
    LogicalPath="MATLAB_includes.R2022b.simstruc.h"
    Type="File"
    LastWriteTime="133476445350000000"
    Private="false" />
  <Object
    Path="D:\Git\mocs_proto\MOCS_AS\Logical\MATLAB_includes\R2022b\simstruc_64_internal.h"
    LogicalPath="MATLAB_includes.R2022b.simstruc_64_internal.h"
    Type="File"
    LastWriteTime="133476445350000000"
    Private="false" />
  <Object
    Path="D:\Git\mocs_proto\MOCS_AS\Logical\MATLAB_includes\R2022b\simstruc_compcond.h"
    LogicalPath="MATLAB_includes.R2022b.simstruc_compcond.h"
    Type="File"
    LastWriteTime="133476445350000000"
    Private="false" />
  <Object
    Path="D:\Git\mocs_proto\MOCS_AS\Logical\MATLAB_includes\R2022b\simstruc_debug.h"
    LogicalPath="MATLAB_includes.R2022b.simstruc_debug.h"
    Type="File"
    LastWriteTime="133476445350000000"
    Private="false" />
  <Object
    Path="D:\Git\mocs_proto\MOCS_AS\Logical\MATLAB_includes\R2022b\simstruc_def.h"
    LogicalPath="MATLAB_includes.R2022b.simstruc_def.h"
    Type="File"
    LastWriteTime="133476445350000000"
    Private="false" />
  <Object
    Path="D:\Git\mocs_proto\MOCS_AS\Logical\MATLAB_includes\R2022b\simstruc_implement.h"
    LogicalPath="MATLAB_includes.R2022b.simstruc_implement.h"
    Type="File"
    LastWriteTime="133476445350000000"
    Private="false" />
  <Object
    Path="D:\Git\mocs_proto\MOCS_AS\Logical\MATLAB_includes\R2022b\simstruc_internal.h"
    LogicalPath="MATLAB_includes.R2022b.simstruc_internal.h"
    Type="File"
    LastWriteTime="133476445350000000"
    Private="false" />
  <Object
    Path="D:\Git\mocs_proto\MOCS_AS\Logical\MATLAB_includes\R2022b\simstruc_internal_types.h"
    LogicalPath="MATLAB_includes.R2022b.simstruc_internal_types.h"
    Type="File"
    LastWriteTime="133476445350000000"
    Private="false" />
  <Object
    Path="D:\Git\mocs_proto\MOCS_AS\Logical\MATLAB_includes\R2022b\simstruc_types.h"
    LogicalPath="MATLAB_includes.R2022b.simstruc_types.h"
    Type="File"
    LastWriteTime="133476445350000000"
    Private="false" />
  <Object
    Path="D:\Git\mocs_proto\MOCS_AS\Logical\MATLAB_includes\R2022b\simulink.h"
    LogicalPath="MATLAB_includes.R2022b.simulink.h"
    Type="File"
    LastWriteTime="133476445350000000"
    Private="false" />
  <Object
    Path="D:\Git\mocs_proto\MOCS_AS\Logical\MATLAB_includes\R2022b\simulink2.h"
    LogicalPath="MATLAB_includes.R2022b.simulink2.h"
    Type="File"
    LastWriteTime="133476445350000000"
    Private="false" />
  <Object
    Path="D:\Git\mocs_proto\MOCS_AS\Logical\MATLAB_includes\R2022b\simulink_solver_api.h"
    LogicalPath="MATLAB_includes.R2022b.simulink_solver_api.h"
    Type="File"
    LastWriteTime="133476445350000000"
    Private="false" />
  <Object
    Path="D:\Git\mocs_proto\MOCS_AS\Logical\MATLAB_includes\R2022b\slImageTypes.h"
    LogicalPath="MATLAB_includes.R2022b.slImageTypes.h"
    Type="File"
    LastWriteTime="133476445350000000"
    Private="false" />
  <Object
    Path="D:\Git\mocs_proto\MOCS_AS\Logical\MATLAB_includes\R2022b\sl_common_types_def.h"
    LogicalPath="MATLAB_includes.R2022b.sl_common_types_def.h"
    Type="File"
    LastWriteTime="133476445350000000"
    Private="false" />
  <Object
    Path="D:\Git\mocs_proto\MOCS_AS\Logical\MATLAB_includes\R2022b\sl_datatype_access.h"
    LogicalPath="MATLAB_includes.R2022b.sl_datatype_access.h"
    Type="File"
    LastWriteTime="133476445350000000"
    Private="false" />
  <Object
    Path="D:\Git\mocs_proto\MOCS_AS\Logical\MATLAB_includes\R2022b\sl_fileio_rtw.h"
    LogicalPath="MATLAB_includes.R2022b.sl_fileio_rtw.h"
    Type="File"
    LastWriteTime="133476445350000000"
    Private="false" />
  <Object
    Path="D:\Git\mocs_proto\MOCS_AS\Logical\MATLAB_includes\R2022b\sl_fixpt.h"
    LogicalPath="MATLAB_includes.R2022b.sl_fixpt.h"
    Type="File"
    LastWriteTime="133476445350000000"
    Private="false" />
  <Object
    Path="D:\Git\mocs_proto\MOCS_AS\Logical\MATLAB_includes\R2022b\sl_prodhwdevicetype.h"
    LogicalPath="MATLAB_includes.R2022b.sl_prodhwdevicetype.h"
    Type="File"
    LastWriteTime="133476445350000000"
    Private="false" />
  <Object
    Path="D:\Git\mocs_proto\MOCS_AS\Logical\MATLAB_includes\R2022b\sl_report_types.h"
    LogicalPath="MATLAB_includes.R2022b.sl_report_types.h"
    Type="File"
    LastWriteTime="133476445350000000"
    Private="false" />
  <Object
    Path="D:\Git\mocs_proto\MOCS_AS\Logical\MATLAB_includes\R2022b\sl_sample_time_defs.h"
    LogicalPath="MATLAB_includes.R2022b.sl_sample_time_defs.h"
    Type="File"
    LastWriteTime="133476445350000000"
    Private="false" />
  <Object
    Path="D:\Git\mocs_proto\MOCS_AS\Logical\MATLAB_includes\R2022b\sl_sfcn_st_api.h"
    LogicalPath="MATLAB_includes.R2022b.sl_sfcn_st_api.h"
    Type="File"
    LastWriteTime="133476445350000000"
    Private="false" />
  <Object
    Path="D:\Git\mocs_proto\MOCS_AS\Logical\MATLAB_includes\R2022b\sl_solver_rtw.h"
    LogicalPath="MATLAB_includes.R2022b.sl_solver_rtw.h"
    Type="File"
    LastWriteTime="133476445350000000"
    Private="false" />
  <Object
    Path="D:\Git\mocs_proto\MOCS_AS\Logical\MATLAB_includes\R2022b\sl_types_def.h"
    LogicalPath="MATLAB_includes.R2022b.sl_types_def.h"
    Type="File"
    LastWriteTime="133476445350000000"
    Private="false" />
  <Object
    Path="D:\Git\mocs_proto\MOCS_AS\Logical\MATLAB_includes\R2022b\slccrt.h"
    LogicalPath="MATLAB_includes.R2022b.slccrt.h"
    Type="File"
    LastWriteTime="133476445350000000"
    Private="false" />
  <Object
    Path="D:\Git\mocs_proto\MOCS_AS\Logical\MATLAB_includes\R2022b\slexec_block_runtime_service.h"
    LogicalPath="MATLAB_includes.R2022b.slexec_block_runtime_service.h"
    Type="File"
    LastWriteTime="133476445350000000"
    Private="false" />
  <Object
    Path="D:\Git\mocs_proto\MOCS_AS\Logical\MATLAB_includes\R2022b\slexec_parallel.h"
    LogicalPath="MATLAB_includes.R2022b.slexec_parallel.h"
    Type="File"
    LastWriteTime="133476445350000000"
    Private="false" />
  <Object
    Path="D:\Git\mocs_proto\MOCS_AS\Logical\MATLAB_includes\R2022b\slexec_simbridge.h"
    LogicalPath="MATLAB_includes.R2022b.slexec_simbridge.h"
    Type="File"
    LastWriteTime="133476445350000000"
    Private="false" />
  <Object
    Path="D:\Git\mocs_proto\MOCS_AS\Logical\MATLAB_includes\R2022b\slexec_simstruct_bridge.h"
    LogicalPath="MATLAB_includes.R2022b.slexec_simstruct_bridge.h"
    Type="File"
    LastWriteTime="133476445350000000"
    Private="false" />
  <Object
    Path="D:\Git\mocs_proto\MOCS_AS\Logical\MATLAB_includes\R2022b\slexec_ssExecutionInfo.h"
    LogicalPath="MATLAB_includes.R2022b.slexec_ssExecutionInfo.h"
    Type="File"
    LastWriteTime="133476445350000000"
    Private="false" />
  <Object
    Path="D:\Git\mocs_proto\MOCS_AS\Logical\MATLAB_includes\R2022b\slexec_vm_lookup_functions.h"
    LogicalPath="MATLAB_includes.R2022b.slexec_vm_lookup_functions.h"
    Type="File"
    LastWriteTime="133476445350000000"
    Private="false" />
  <Object
    Path="D:\Git\mocs_proto\MOCS_AS\Logical\MATLAB_includes\R2022b\slexec_vm_rt_functions.h"
    LogicalPath="MATLAB_includes.R2022b.slexec_vm_rt_functions.h"
    Type="File"
    LastWriteTime="133476445350000000"
    Private="false" />
  <Object
    Path="D:\Git\mocs_proto\MOCS_AS\Logical\MATLAB_includes\R2022b\slexec_vm_simstruct_bridge.h"
    LogicalPath="MATLAB_includes.R2022b.slexec_vm_simstruct_bridge.h"
    Type="File"
    LastWriteTime="133476445350000000"
    Private="false" />
  <Object
    Path="D:\Git\mocs_proto\MOCS_AS\Logical\MATLAB_includes\R2022b\slexec_vm_zc_functions.h"
    LogicalPath="MATLAB_includes.R2022b.slexec_vm_zc_functions.h"
    Type="File"
    LastWriteTime="133476445350000000"
    Private="false" />
  <Object
    Path="D:\Git\mocs_proto\MOCS_AS\Logical\MATLAB_includes\R2022b\slsa_sim_engine.h"
    LogicalPath="MATLAB_includes.R2022b.slsa_sim_engine.h"
    Type="File"
    LastWriteTime="133476445350000000"
    Private="false" />
  <Object
    Path="D:\Git\mocs_proto\MOCS_AS\Logical\MATLAB_includes\R2022b\slsv_diagnostic_codegen_c_api.h"
    LogicalPath="MATLAB_includes.R2022b.slsv_diagnostic_codegen_c_api.h"
    Type="File"
    LastWriteTime="133476445350000000"
    Private="false" />
  <Object
    Path="D:\Git\mocs_proto\MOCS_AS\Logical\MATLAB_includes\R2022b\slsv_diagnostic_deployment_c_api.h"
    LogicalPath="MATLAB_includes.R2022b.slsv_diagnostic_deployment_c_api.h"
    Type="File"
    LastWriteTime="133476445350000000"
    Private="false" />
  <Object
    Path="D:\Git\mocs_proto\MOCS_AS\Logical\MATLAB_includes\R2022b\slsv_diagnostic_logger_type.h"
    LogicalPath="MATLAB_includes.R2022b.slsv_diagnostic_logger_type.h"
    Type="File"
    LastWriteTime="133476445350000000"
    Private="false" />
  <Object
    Path="D:\Git\mocs_proto\MOCS_AS\Logical\MATLAB_includes\R2022b\slsv_mexhelper.h"
    LogicalPath="MATLAB_includes.R2022b.slsv_mexhelper.h"
    Type="File"
    LastWriteTime="133476445350000000"
    Private="false" />
  <Object
    Path="D:\Git\mocs_proto\MOCS_AS\Logical\MATLAB_includes\R2022b\solver_zc.h"
    LogicalPath="MATLAB_includes.R2022b.solver_zc.h"
    Type="File"
    LastWriteTime="133476445350000000"
    Private="false" />
  <Object
    Path="D:\Git\mocs_proto\MOCS_AS\Logical\MATLAB_includes\R2022b\sysran_types.h"
    LogicalPath="MATLAB_includes.R2022b.sysran_types.h"
    Type="File"
    LastWriteTime="133476445350000000"
    Private="false" />
  <Object
    Path="D:\Git\mocs_proto\MOCS_AS\Logical\MATLAB_includes\R2022b\tmwtypes.h"
    LogicalPath="MATLAB_includes.R2022b.tmwtypes.h"
    Type="File"
    LastWriteTime="134078379990000000"
    Private="false" />
  <Object
    Path="D:\Git\mocs_proto\MOCS_AS\Logical\MATLAB_includes\R2022b\updown.h"
    LogicalPath="MATLAB_includes.R2022b.updown.h"
    Type="File"
    LastWriteTime="133476445350000000"
    Private="false" />
  <Object
    Path="D:\Git\mocs_proto\MOCS_AS\Logical\MATLAB_includes\R2022b\updown_util.h"
    LogicalPath="MATLAB_includes.R2022b.updown_util.h"
    Type="File"
    LastWriteTime="133476445350000000"
    Private="false" />
  <Object
    Path="D:\Git\mocs_proto\MOCS_AS\Logical\MATLAB_includes\R2022b\upsup_public.h"
    LogicalPath="MATLAB_includes.R2022b.upsup_public.h"
    Type="File"
    LastWriteTime="133476445350000000"
    Private="false" />
  <Object
    Path="D:\Git\mocs_proto\MOCS_AS\Logical\MATLAB_includes\R2022b\sf_runtime\Package.pkg"
    LogicalPath="MATLAB_includes.R2022b.sf_runtime"
    Type="Package"
    LastWriteTime="133476445340000000" />
  <Object
    Path="D:\Git\mocs_proto\MOCS_AS\Logical\MATLAB_includes\R2022b\sf_runtime\MessageServiceLayer.h"
    LogicalPath="MATLAB_includes.R2022b.sf_runtime.MessageServiceLayer.h"
    Type="File"
    LastWriteTime="133476445340000000"
    Private="false" />
  <Object
    Path="D:\Git\mocs_proto\MOCS_AS\Logical\MATLAB_includes\R2022b\sf_runtime\sf_runtime_errors.h"
    LogicalPath="MATLAB_includes.R2022b.sf_runtime.sf_runtime_errors.h"
    Type="File"
    LastWriteTime="133476445340000000"
    Private="false" />
  <Object
    Path="D:\Git\mocs_proto\MOCS_AS\Logical\MATLAB_includes\R2022b\sf_runtime\sf_runtime_spec.h"
    LogicalPath="MATLAB_includes.R2022b.sf_runtime.sf_runtime_spec.h"
    Type="File"
    LastWriteTime="133476445340000000"
    Private="false" />
  <Object
    Path="D:\Git\mocs_proto\MOCS_AS\Logical\MATLAB_includes\R2022b\sf_runtime\sf_runtime_types.h"
    LogicalPath="MATLAB_includes.R2022b.sf_runtime.sf_runtime_types.h"
    Type="File"
    LastWriteTime="133476445340000000"
    Private="false" />
  <Object
    Path="D:\Git\mocs_proto\MOCS_AS\Logical\MATLAB_includes\R2022b\sf_runtime\sf_test_language.h"
    LogicalPath="MATLAB_includes.R2022b.sf_runtime.sf_test_language.h"
    Type="File"
    LastWriteTime="133476445340000000"
    Private="false" />
  <Object
    Path="D:\Git\mocs_proto\MOCS_AS\Logical\MATLAB_includes\R2022b\sf_runtime\sfc_api.h"
    LogicalPath="MATLAB_includes.R2022b.sf_runtime.sfc_api.h"
    Type="File"
    LastWriteTime="133476445340000000"
    Private="false" />
  <Object
    Path="D:\Git\mocs_proto\MOCS_AS\Logical\MATLAB_includes\R2022b\sf_runtime\sfc_messages.h"
    LogicalPath="MATLAB_includes.R2022b.sf_runtime.sfc_messages.h"
    Type="File"
    LastWriteTime="133476445340000000"
    Private="false" />
  <Object
    Path="D:\Git\mocs_proto\MOCS_AS\Logical\MATLAB_includes\R2022b\sf_runtime\sfc_mex.h"
    LogicalPath="MATLAB_includes.R2022b.sf_runtime.sfc_mex.h"
    Type="File"
    LastWriteTime="133476445340000000"
    Private="false" />
  <Object
    Path="D:\Git\mocs_proto\MOCS_AS\Logical\MATLAB_includes\R2022b\sf_runtime\sfc_sdi.h"
    LogicalPath="MATLAB_includes.R2022b.sf_runtime.sfc_sdi.h"
    Type="File"
    LastWriteTime="133476445340000000"
    Private="false" />
  <Object
    Path="D:\Git\mocs_proto\MOCS_AS\Logical\MATLAB_includes\R2022b\sf_runtime\sfc_sf.h"
    LogicalPath="MATLAB_includes.R2022b.sf_runtime.sfc_sf.h"
    Type="File"
    LastWriteTime="133476445340000000"
    Private="false" />
  <Object
    Path="D:\Git\mocs_proto\MOCS_AS\Logical\MATLAB_includes\R2022b\sf_runtime\sfcdebug.h"
    LogicalPath="MATLAB_includes.R2022b.sf_runtime.sfcdebug.h"
    Type="File"
    LastWriteTime="133476445340000000"
    Private="false" />
  <Object
    Path="D:\Git\mocs_proto\MOCS_AS\Logical\MATLAB_includes\R2022b\sf_runtime\slTestResult.h"
    LogicalPath="MATLAB_includes.R2022b.sf_runtime.slTestResult.h"
    Type="File"
    LastWriteTime="133476445340000000"
    Private="false" />
  <Object
    Path="D:\Git\mocs_proto\MOCS_AS\Logical\MATLAB_includes\R2022b\sf_runtime\slTestTypes.h"
    LogicalPath="MATLAB_includes.R2022b.sf_runtime.slTestTypes.h"
    Type="File"
    LastWriteTime="133476445340000000"
    Private="false" />
  <Object
    Path="D:\Git\mocs_proto\MOCS_AS\Logical\MATLAB_includes\R2022b\sf_runtime\utils.h"
    LogicalPath="MATLAB_includes.R2022b.sf_runtime.utils.h"
    Type="File"
    LastWriteTime="133476445340000000"
    Private="false" />
  <Object
    Path="D:\Git\mocs_proto\MOCS_AS\Logical\MATLAB_includes\R2022b\sf_runtime\ChartInfoStruct.h"
    LogicalPath="MATLAB_includes.R2022b.sf_runtime.ChartInfoStruct.h"
    Type="File"
    LastWriteTime="133476445340000000"
    Private="false" />
  <Object
    Path="D:\Git\mocs_proto\MOCS_AS\Logical\MATLAB_includes\R2022b\sf_runtime\DebuggerRuntimeInterface.h"
    LogicalPath="MATLAB_includes.R2022b.sf_runtime.DebuggerRuntimeInterface.h"
    Type="File"
    LastWriteTime="133476445340000000"
    Private="false" />
  <Object
    Path="D:\Git\mocs_proto\MOCS_AS\Logical\MATLAB_includes\R2022b\sf_runtime\sf_partitioning_execution_bridge.h"
    LogicalPath="MATLAB_includes.R2022b.sf_runtime.sf_partitioning_execution_bridge.h"
    Type="File"
    LastWriteTime="133476445340000000"
    Private="false" />
  <Object
    Path="D:\Git\mocs_proto\MOCS_AS\Logical\MATLAB_includes\R2022b\sf_runtime\stateflow_mdl_methods.stub"
    LogicalPath="MATLAB_includes.R2022b.sf_runtime.stateflow_mdl_methods.stub"
    Type="File"
    LastWriteTime="133476445340000000"
    Private="false" />
  <Object
    Path="D:\Git\mocs_proto\MOCS_AS\Logical\MATLAB_includes\R2024b\package.pkg"
    LogicalPath="MATLAB_includes.R2024b"
    Type="Package"
    LastWriteTime="134081837984958713" />
  <Object
    Path="D:\Git\mocs_proto\MOCS_AS\Logical\MATLAB_includes\R2024b\MatlabDataArray.hpp"
    LogicalPath="MATLAB_includes.R2024b.MatlabDataArray.hpp"
    Type="File"
    LastWriteTime="134027482650000000"
    Private="false" />
  <Object
    Path="D:\Git\mocs_proto\MOCS_AS\Logical\MATLAB_includes\R2024b\MatlabEngine.hpp"
    LogicalPath="MATLAB_includes.R2024b.MatlabEngine.hpp"
    Type="File"
    LastWriteTime="134027482650000000"
    Private="false" />
  <Object
    Path="D:\Git\mocs_proto\MOCS_AS\Logical\MATLAB_includes\R2024b\bio_sig.h"
    LogicalPath="MATLAB_includes.R2024b.bio_sig.h"
    Type="File"
    LastWriteTime="134027482650000000"
    Private="false" />
  <Object
    Path="D:\Git\mocs_proto\MOCS_AS\Logical\MATLAB_includes\R2024b\blas.h"
    LogicalPath="MATLAB_includes.R2024b.blas.h"
    Type="File"
    LastWriteTime="134027482650000000"
    Private="false" />
  <Object
    Path="D:\Git\mocs_proto\MOCS_AS\Logical\MATLAB_includes\R2024b\blascompat32.h"
    LogicalPath="MATLAB_includes.R2024b.blascompat32.h"
    Type="File"
    LastWriteTime="134027482650000000"
    Private="false" />
  <Object
    Path="D:\Git\mocs_proto\MOCS_AS\Logical\MATLAB_includes\R2024b\cg_matrx.h"
    LogicalPath="MATLAB_includes.R2024b.cg_matrx.h"
    Type="File"
    LastWriteTime="134027482650000000"
    Private="false" />
  <Object
    Path="D:\Git\mocs_proto\MOCS_AS\Logical\MATLAB_includes\R2024b\cg_sfun.h"
    LogicalPath="MATLAB_includes.R2024b.cg_sfun.h"
    Type="File"
    LastWriteTime="134027482650000000"
    Private="false" />
  <Object
    Path="D:\Git\mocs_proto\MOCS_AS\Logical\MATLAB_includes\R2024b\cgxeooprt.h"
    LogicalPath="MATLAB_includes.R2024b.cgxeooprt.h"
    Type="File"
    LastWriteTime="134027482650000000"
    Private="false" />
  <Object
    Path="D:\Git\mocs_proto\MOCS_AS\Logical\MATLAB_includes\R2024b\cgxert.h"
    LogicalPath="MATLAB_includes.R2024b.cgxert.h"
    Type="File"
    LastWriteTime="134027482650000000"
    Private="false" />
  <Object
    Path="D:\Git\mocs_proto\MOCS_AS\Logical\MATLAB_includes\R2024b\covrt.h"
    LogicalPath="MATLAB_includes.R2024b.covrt.h"
    Type="File"
    LastWriteTime="134027482650000000"
    Private="false" />
  <Object
    Path="D:\Git\mocs_proto\MOCS_AS\Logical\MATLAB_includes\R2024b\dt_info.h"
    LogicalPath="MATLAB_includes.R2024b.dt_info.h"
    Type="File"
    LastWriteTime="134027482650000000"
    Private="false" />
  <Object
    Path="D:\Git\mocs_proto\MOCS_AS\Logical\MATLAB_includes\R2024b\emlrt.h"
    LogicalPath="MATLAB_includes.R2024b.emlrt.h"
    Type="File"
    LastWriteTime="134027482650000000"
    Private="false" />
  <Object
    Path="D:\Git\mocs_proto\MOCS_AS\Logical\MATLAB_includes\R2024b\engine.h"
    LogicalPath="MATLAB_includes.R2024b.engine.h"
    Type="File"
    LastWriteTime="134027482650000000"
    Private="false" />
  <Object
    Path="D:\Git\mocs_proto\MOCS_AS\Logical\MATLAB_includes\R2024b\ext_share.h"
    LogicalPath="MATLAB_includes.R2024b.ext_share.h"
    Type="File"
    LastWriteTime="134027482650000000"
    Private="false" />
  <Object
    Path="D:\Git\mocs_proto\MOCS_AS\Logical\MATLAB_includes\R2024b\ext_svr.h"
    LogicalPath="MATLAB_includes.R2024b.ext_svr.h"
    Type="File"
    LastWriteTime="134027482650000000"
    Private="false" />
  <Object
    Path="D:\Git\mocs_proto\MOCS_AS\Logical\MATLAB_includes\R2024b\ext_svr_transport.h"
    LogicalPath="MATLAB_includes.R2024b.ext_svr_transport.h"
    Type="File"
    LastWriteTime="134027482650000000"
    Private="false" />
  <Object
    Path="D:\Git\mocs_proto\MOCS_AS\Logical\MATLAB_includes\R2024b\ext_test.h"
    LogicalPath="MATLAB_includes.R2024b.ext_test.h"
    Type="File"
    LastWriteTime="134027482650000000"
    Private="false" />
  <Object
    Path="D:\Git\mocs_proto\MOCS_AS\Logical\MATLAB_includes\R2024b\ext_types.h"
    LogicalPath="MATLAB_includes.R2024b.ext_types.h"
    Type="File"
    LastWriteTime="134027482650000000"
    Private="false" />
  <Object
    Path="D:\Git\mocs_proto\MOCS_AS\Logical\MATLAB_includes\R2024b\ext_work.h"
    LogicalPath="MATLAB_includes.R2024b.ext_work.h"
    Type="File"
    LastWriteTime="134027482650000000"
    Private="false" />
  <Object
    Path="D:\Git\mocs_proto\MOCS_AS\Logical\MATLAB_includes\R2024b\fintrf.h"
    LogicalPath="MATLAB_includes.R2024b.fintrf.h"
    Type="File"
    LastWriteTime="134027482650000000"
    Private="false" />
  <Object
    Path="D:\Git\mocs_proto\MOCS_AS\Logical\MATLAB_includes\R2024b\fixedpoint.h"
    LogicalPath="MATLAB_includes.R2024b.fixedpoint.h"
    Type="File"
    LastWriteTime="134027482650000000"
    Private="false" />
  <Object
    Path="D:\Git\mocs_proto\MOCS_AS\Logical\MATLAB_includes\R2024b\fixpoint_spec.h"
    LogicalPath="MATLAB_includes.R2024b.fixpoint_spec.h"
    Type="File"
    LastWriteTime="134027482650000000"
    Private="false" />
  <Object
    Path="D:\Git\mocs_proto\MOCS_AS\Logical\MATLAB_includes\R2024b\i18n_c_api.h"
    LogicalPath="MATLAB_includes.R2024b.i18n_c_api.h"
    Type="File"
    LastWriteTime="134027482650000000"
    Private="false" />
  <Object
    Path="D:\Git\mocs_proto\MOCS_AS\Logical\MATLAB_includes\R2024b\io64.h"
    LogicalPath="MATLAB_includes.R2024b.io64.h"
    Type="File"
    LastWriteTime="134027482650000000"
    Private="false" />
  <Object
    Path="D:\Git\mocs_proto\MOCS_AS\Logical\MATLAB_includes\R2024b\lapack.h"
    LogicalPath="MATLAB_includes.R2024b.lapack.h"
    Type="File"
    LastWriteTime="134027482650000000"
    Private="false" />
  <Object
    Path="D:\Git\mocs_proto\MOCS_AS\Logical\MATLAB_includes\R2024b\lapacke.h"
    LogicalPath="MATLAB_includes.R2024b.lapacke.h"
    Type="File"
    LastWriteTime="134027482650000000"
    Private="false" />
  <Object
    Path="D:\Git\mocs_proto\MOCS_AS\Logical\MATLAB_includes\R2024b\lapacke_config.h"
    LogicalPath="MATLAB_includes.R2024b.lapacke_config.h"
    Type="File"
    LastWriteTime="134027482650000000"
    Private="false" />
  <Object
    Path="D:\Git\mocs_proto\MOCS_AS\Logical\MATLAB_includes\R2024b\libmwjpegreader.h"
    LogicalPath="MATLAB_includes.R2024b.libmwjpegreader.h"
    Type="File"
    LastWriteTime="134027482650000000"
    Private="false" />
  <Object
    Path="D:\Git\mocs_proto\MOCS_AS\Logical\MATLAB_includes\R2024b\libmwrgb2gray_tbb.h"
    LogicalPath="MATLAB_includes.R2024b.libmwrgb2gray_tbb.h"
    Type="File"
    LastWriteTime="134027482650000000"
    Private="false" />
  <Object
    Path="D:\Git\mocs_proto\MOCS_AS\Logical\MATLAB_includes\R2024b\libmwrgb2hsv_tbb.h"
    LogicalPath="MATLAB_includes.R2024b.libmwrgb2hsv_tbb.h"
    Type="File"
    LastWriteTime="134027482650000000"
    Private="false" />
  <Object
    Path="D:\Git\mocs_proto\MOCS_AS\Logical\MATLAB_includes\R2024b\libmwslsa_engine.h"
    LogicalPath="MATLAB_includes.R2024b.libmwslsa_engine.h"
    Type="File"
    LastWriteTime="134027482650000000"
    Private="false" />
  <Object
    Path="D:\Git\mocs_proto\MOCS_AS\Logical\MATLAB_includes\R2024b\libmwslsa_sim.h"
    LogicalPath="MATLAB_includes.R2024b.libmwslsa_sim.h"
    Type="File"
    LastWriteTime="134027482650000000"
    Private="false" />
  <Object
    Path="D:\Git\mocs_proto\MOCS_AS\Logical\MATLAB_includes\R2024b\liveio.h"
    LogicalPath="MATLAB_includes.R2024b.liveio.h"
    Type="File"
    LastWriteTime="134027482650000000"
    Private="false" />
  <Object
    Path="D:\Git\mocs_proto\MOCS_AS\Logical\MATLAB_includes\R2024b\mat.h"
    LogicalPath="MATLAB_includes.R2024b.mat.h"
    Type="File"
    LastWriteTime="134027482650000000"
    Private="false" />
  <Object
    Path="D:\Git\mocs_proto\MOCS_AS\Logical\MATLAB_includes\R2024b\matrix.h"
    LogicalPath="MATLAB_includes.R2024b.matrix.h"
    Type="File"
    LastWriteTime="134027482650000000"
    Private="false" />
  <Object
    Path="D:\Git\mocs_proto\MOCS_AS\Logical\MATLAB_includes\R2024b\mdl_info.h"
    LogicalPath="MATLAB_includes.R2024b.mdl_info.h"
    Type="File"
    LastWriteTime="134027482650000000"
    Private="false" />
  <Object
    Path="D:\Git\mocs_proto\MOCS_AS\Logical\MATLAB_includes\R2024b\mem_mgr.h"
    LogicalPath="MATLAB_includes.R2024b.mem_mgr.h"
    Type="File"
    LastWriteTime="134027482650000000"
    Private="false" />
  <Object
    Path="D:\Git\mocs_proto\MOCS_AS\Logical\MATLAB_includes\R2024b\mex.h"
    LogicalPath="MATLAB_includes.R2024b.mex.h"
    Type="File"
    LastWriteTime="134027482650000000"
    Private="false" />
  <Object
    Path="D:\Git\mocs_proto\MOCS_AS\Logical\MATLAB_includes\R2024b\mwmathutil.h"
    LogicalPath="MATLAB_includes.R2024b.mwmathutil.h"
    Type="File"
    LastWriteTime="134027482650000000"
    Private="false" />
  <Object
    Path="D:\Git\mocs_proto\MOCS_AS\Logical\MATLAB_includes\R2024b\odesup.h"
    LogicalPath="MATLAB_includes.R2024b.odesup.h"
    Type="File"
    LastWriteTime="134027482650000000"
    Private="false" />
  <Object
    Path="D:\Git\mocs_proto\MOCS_AS\Logical\MATLAB_includes\R2024b\polygonBoolean.h"
    LogicalPath="MATLAB_includes.R2024b.polygonBoolean.h"
    Type="File"
    LastWriteTime="134027482650000000"
    Private="false" />
  <Object
    Path="D:\Git\mocs_proto\MOCS_AS\Logical\MATLAB_includes\R2024b\pt_info.h"
    LogicalPath="MATLAB_includes.R2024b.pt_info.h"
    Type="File"
    LastWriteTime="134027482650000000"
    Private="false" />
  <Object
    Path="D:\Git\mocs_proto\MOCS_AS\Logical\MATLAB_includes\R2024b\rt_logging.h"
    LogicalPath="MATLAB_includes.R2024b.rt_logging.h"
    Type="File"
    LastWriteTime="134027482650000000"
    Private="false" />
  <Object
    Path="D:\Git\mocs_proto\MOCS_AS\Logical\MATLAB_includes\R2024b\rt_logging_mmi.h"
    LogicalPath="MATLAB_includes.R2024b.rt_logging_mmi.h"
    Type="File"
    LastWriteTime="134027482650000000"
    Private="false" />
  <Object
    Path="D:\Git\mocs_proto\MOCS_AS\Logical\MATLAB_includes\R2024b\rt_logging_simtarget.h"
    LogicalPath="MATLAB_includes.R2024b.rt_logging_simtarget.h"
    Type="File"
    LastWriteTime="134027482650000000"
    Private="false" />
  <Object
    Path="D:\Git\mocs_proto\MOCS_AS\Logical\MATLAB_includes\R2024b\rt_math.h"
    LogicalPath="MATLAB_includes.R2024b.rt_math.h"
    Type="File"
    LastWriteTime="134027482650000000"
    Private="false" />
  <Object
    Path="D:\Git\mocs_proto\MOCS_AS\Logical\MATLAB_includes\R2024b\rt_matrx.h"
    LogicalPath="MATLAB_includes.R2024b.rt_matrx.h"
    Type="File"
    LastWriteTime="134027482650000000"
    Private="false" />
  <Object
    Path="D:\Git\mocs_proto\MOCS_AS\Logical\MATLAB_includes\R2024b\rt_mxclassid.h"
    LogicalPath="MATLAB_includes.R2024b.rt_mxclassid.h"
    Type="File"
    LastWriteTime="134027482650000000"
    Private="false" />
  <Object
    Path="D:\Git\mocs_proto\MOCS_AS\Logical\MATLAB_includes\R2024b\rt_sim.h"
    LogicalPath="MATLAB_includes.R2024b.rt_sim.h"
    Type="File"
    LastWriteTime="134027482650000000"
    Private="false" />
  <Object
    Path="D:\Git\mocs_proto\MOCS_AS\Logical\MATLAB_includes\R2024b\rtiostream.h"
    LogicalPath="MATLAB_includes.R2024b.rtiostream.h"
    Type="File"
    LastWriteTime="134027482650000000"
    Private="false" />
  <Object
    Path="D:\Git\mocs_proto\MOCS_AS\Logical\MATLAB_includes\R2024b\rtmcmacros.h"
    LogicalPath="MATLAB_includes.R2024b.rtmcmacros.h"
    Type="File"
    LastWriteTime="134027482650000000"
    Private="false" />
  <Object
    Path="D:\Git\mocs_proto\MOCS_AS\Logical\MATLAB_includes\R2024b\rtmmacros.h"
    LogicalPath="MATLAB_includes.R2024b.rtmmacros.h"
    Type="File"
    LastWriteTime="134027482650000000"
    Private="false" />
  <Object
    Path="D:\Git\mocs_proto\MOCS_AS\Logical\MATLAB_includes\R2024b\rtsplntypes.h"
    LogicalPath="MATLAB_includes.R2024b.rtsplntypes.h"
    Type="File"
    LastWriteTime="134027482650000000"
    Private="false" />
  <Object
    Path="D:\Git\mocs_proto\MOCS_AS\Logical\MATLAB_includes\R2024b\rtw_capi.h"
    LogicalPath="MATLAB_includes.R2024b.rtw_capi.h"
    Type="File"
    LastWriteTime="134027482650000000"
    Private="false" />
  <Object
    Path="D:\Git\mocs_proto\MOCS_AS\Logical\MATLAB_includes\R2024b\rtw_capi_examples.h"
    LogicalPath="MATLAB_includes.R2024b.rtw_capi_examples.h"
    Type="File"
    LastWriteTime="134027482650000000"
    Private="false" />
  <Object
    Path="D:\Git\mocs_proto\MOCS_AS\Logical\MATLAB_includes\R2024b\rtw_continuous.h"
    LogicalPath="MATLAB_includes.R2024b.rtw_continuous.h"
    Type="File"
    LastWriteTime="134027482650000000"
    Private="false" />
  <Object
    Path="D:\Git\mocs_proto\MOCS_AS\Logical\MATLAB_includes\R2024b\rtw_extmode.h"
    LogicalPath="MATLAB_includes.R2024b.rtw_extmode.h"
    Type="File"
    LastWriteTime="134027482650000000"
    Private="false" />
  <Object
    Path="D:\Git\mocs_proto\MOCS_AS\Logical\MATLAB_includes\R2024b\rtw_linux.h"
    LogicalPath="MATLAB_includes.R2024b.rtw_linux.h"
    Type="File"
    LastWriteTime="134027482650000000"
    Private="false" />
  <Object
    Path="D:\Git\mocs_proto\MOCS_AS\Logical\MATLAB_includes\R2024b\rtw_linux_mac.h"
    LogicalPath="MATLAB_includes.R2024b.rtw_linux_mac.h"
    Type="File"
    LastWriteTime="134027482650000000"
    Private="false" />
  <Object
    Path="D:\Git\mocs_proto\MOCS_AS\Logical\MATLAB_includes\R2024b\rtw_matlogging.h"
    LogicalPath="MATLAB_includes.R2024b.rtw_matlogging.h"
    Type="File"
    LastWriteTime="134027482650000000"
    Private="false" />
  <Object
    Path="D:\Git\mocs_proto\MOCS_AS\Logical\MATLAB_includes\R2024b\rtw_matlogging_simtarget.h"
    LogicalPath="MATLAB_includes.R2024b.rtw_matlogging_simtarget.h"
    Type="File"
    LastWriteTime="134027482650000000"
    Private="false" />
  <Object
    Path="D:\Git\mocs_proto\MOCS_AS\Logical\MATLAB_includes\R2024b\rtw_modelmap.h"
    LogicalPath="MATLAB_includes.R2024b.rtw_modelmap.h"
    Type="File"
    LastWriteTime="134027482650000000"
    Private="false" />
  <Object
    Path="D:\Git\mocs_proto\MOCS_AS\Logical\MATLAB_includes\R2024b\rtw_modelmap_logging.h"
    LogicalPath="MATLAB_includes.R2024b.rtw_modelmap_logging.h"
    Type="File"
    LastWriteTime="134027482650000000"
    Private="false" />
  <Object
    Path="D:\Git\mocs_proto\MOCS_AS\Logical\MATLAB_includes\R2024b\rtw_modelmap_simtarget.h"
    LogicalPath="MATLAB_includes.R2024b.rtw_modelmap_simtarget.h"
    Type="File"
    LastWriteTime="134027482650000000"
    Private="false" />
  <Object
    Path="D:\Git\mocs_proto\MOCS_AS\Logical\MATLAB_includes\R2024b\rtw_msvc_lshift.h"
    LogicalPath="MATLAB_includes.R2024b.rtw_msvc_lshift.h"
    Type="File"
    LastWriteTime="134027482650000000"
    Private="false" />
  <Object
    Path="D:\Git\mocs_proto\MOCS_AS\Logical\MATLAB_includes\R2024b\rtw_solver.h"
    LogicalPath="MATLAB_includes.R2024b.rtw_solver.h"
    Type="File"
    LastWriteTime="134027482650000000"
    Private="false" />
  <Object
    Path="D:\Git\mocs_proto\MOCS_AS\Logical\MATLAB_includes\R2024b\rtw_storage.h"
    LogicalPath="MATLAB_includes.R2024b.rtw_storage.h"
    Type="File"
    LastWriteTime="134027482650000000"
    Private="false" />
  <Object
    Path="D:\Git\mocs_proto\MOCS_AS\Logical\MATLAB_includes\R2024b\rtw_windows.h"
    LogicalPath="MATLAB_includes.R2024b.rtw_windows.h"
    Type="File"
    LastWriteTime="134027482650000000"
    Private="false" />
  <Object
    Path="D:\Git\mocs_proto\MOCS_AS\Logical\MATLAB_includes\R2024b\sfcn_bridge.h"
    LogicalPath="MATLAB_includes.R2024b.sfcn_bridge.h"
    Type="File"
    LastWriteTime="134027482650000000"
    Private="false" />
  <Object
    Path="D:\Git\mocs_proto\MOCS_AS\Logical\MATLAB_includes\R2024b\sfcn_loader_c_api.h"
    LogicalPath="MATLAB_includes.R2024b.sfcn_loader_c_api.h"
    Type="File"
    LastWriteTime="134027482650000000"
    Private="false" />
  <Object
    Path="D:\Git\mocs_proto\MOCS_AS\Logical\MATLAB_includes\R2024b\sfun_rtwcg.hpp"
    LogicalPath="MATLAB_includes.R2024b.sfun_rtwcg.hpp"
    Type="File"
    LastWriteTime="134027482650000000"
    Private="false" />
  <Object
    Path="D:\Git\mocs_proto\MOCS_AS\Logical\MATLAB_includes\R2024b\sigmapdef_sfcn.h"
    LogicalPath="MATLAB_includes.R2024b.sigmapdef_sfcn.h"
    Type="File"
    LastWriteTime="134027482650000000"
    Private="false" />
  <Object
    Path="D:\Git\mocs_proto\MOCS_AS\Logical\MATLAB_includes\R2024b\sigregdef.h"
    LogicalPath="MATLAB_includes.R2024b.sigregdef.h"
    Type="File"
    LastWriteTime="134027482650000000"
    Private="false" />
  <Object
    Path="D:\Git\mocs_proto\MOCS_AS\Logical\MATLAB_includes\R2024b\sigstream_rtw.h"
    LogicalPath="MATLAB_includes.R2024b.sigstream_rtw.h"
    Type="File"
    LastWriteTime="134027482650000000"
    Private="false" />
  <Object
    Path="D:\Git\mocs_proto\MOCS_AS\Logical\MATLAB_includes\R2024b\simlogCIntrf.h"
    LogicalPath="MATLAB_includes.R2024b.simlogCIntrf.h"
    Type="File"
    LastWriteTime="134027482650000000"
    Private="false" />
  <Object
    Path="D:\Git\mocs_proto\MOCS_AS\Logical\MATLAB_includes\R2024b\simstruc.h"
    LogicalPath="MATLAB_includes.R2024b.simstruc.h"
    Type="File"
    LastWriteTime="134027482650000000"
    Private="false" />
  <Object
    Path="D:\Git\mocs_proto\MOCS_AS\Logical\MATLAB_includes\R2024b\simstruc_64_internal.h"
    LogicalPath="MATLAB_includes.R2024b.simstruc_64_internal.h"
    Type="File"
    LastWriteTime="134027482650000000"
    Private="false" />
  <Object
    Path="D:\Git\mocs_proto\MOCS_AS\Logical\MATLAB_includes\R2024b\simstruc_compcond.h"
    LogicalPath="MATLAB_includes.R2024b.simstruc_compcond.h"
    Type="File"
    LastWriteTime="134027482650000000"
    Private="false" />
  <Object
    Path="D:\Git\mocs_proto\MOCS_AS\Logical\MATLAB_includes\R2024b\simstruc_debug.h"
    LogicalPath="MATLAB_includes.R2024b.simstruc_debug.h"
    Type="File"
    LastWriteTime="134027482650000000"
    Private="false" />
  <Object
    Path="D:\Git\mocs_proto\MOCS_AS\Logical\MATLAB_includes\R2024b\simstruc_def.h"
    LogicalPath="MATLAB_includes.R2024b.simstruc_def.h"
    Type="File"
    LastWriteTime="134027482650000000"
    Private="false" />
  <Object
    Path="D:\Git\mocs_proto\MOCS_AS\Logical\MATLAB_includes\R2024b\simstruc_fwd.h"
    LogicalPath="MATLAB_includes.R2024b.simstruc_fwd.h"
    Type="File"
    LastWriteTime="134027482650000000"
    Private="false" />
  <Object
    Path="D:\Git\mocs_proto\MOCS_AS\Logical\MATLAB_includes\R2024b\simstruc_genericfcn.h"
    LogicalPath="MATLAB_includes.R2024b.simstruc_genericfcn.h"
    Type="File"
    LastWriteTime="134027482650000000"
    Private="false" />
  <Object
    Path="D:\Git\mocs_proto\MOCS_AS\Logical\MATLAB_includes\R2024b\simstruc_implement.h"
    LogicalPath="MATLAB_includes.R2024b.simstruc_implement.h"
    Type="File"
    LastWriteTime="134027482650000000"
    Private="false" />
  <Object
    Path="D:\Git\mocs_proto\MOCS_AS\Logical\MATLAB_includes\R2024b\simstruc_internal.h"
    LogicalPath="MATLAB_includes.R2024b.simstruc_internal.h"
    Type="File"
    LastWriteTime="134027482650000000"
    Private="false" />
  <Object
    Path="D:\Git\mocs_proto\MOCS_AS\Logical\MATLAB_includes\R2024b\simstruc_internal_types.h"
    LogicalPath="MATLAB_includes.R2024b.simstruc_internal_types.h"
    Type="File"
    LastWriteTime="134027482650000000"
    Private="false" />
  <Object
    Path="D:\Git\mocs_proto\MOCS_AS\Logical\MATLAB_includes\R2024b\simstruc_types.h"
    LogicalPath="MATLAB_includes.R2024b.simstruc_types.h"
    Type="File"
    LastWriteTime="134027482650000000"
    Private="false" />
  <Object
    Path="D:\Git\mocs_proto\MOCS_AS\Logical\MATLAB_includes\R2024b\simulink.h"
    LogicalPath="MATLAB_includes.R2024b.simulink.h"
    Type="File"
    LastWriteTime="134027482650000000"
    Private="false" />
  <Object
    Path="D:\Git\mocs_proto\MOCS_AS\Logical\MATLAB_includes\R2024b\simulink2.h"
    LogicalPath="MATLAB_includes.R2024b.simulink2.h"
    Type="File"
    LastWriteTime="134027482650000000"
    Private="false" />
  <Object
    Path="D:\Git\mocs_proto\MOCS_AS\Logical\MATLAB_includes\R2024b\simulink_solver_api.h"
    LogicalPath="MATLAB_includes.R2024b.simulink_solver_api.h"
    Type="File"
    LastWriteTime="134027482650000000"
    Private="false" />
  <Object
    Path="D:\Git\mocs_proto\MOCS_AS\Logical\MATLAB_includes\R2024b\slImageTypes.h"
    LogicalPath="MATLAB_includes.R2024b.slImageTypes.h"
    Type="File"
    LastWriteTime="134027482650000000"
    Private="false" />
  <Object
    Path="D:\Git\mocs_proto\MOCS_AS\Logical\MATLAB_includes\R2024b\sl_common_types_def.h"
    LogicalPath="MATLAB_includes.R2024b.sl_common_types_def.h"
    Type="File"
    LastWriteTime="134027482650000000"
    Private="false" />
  <Object
    Path="D:\Git\mocs_proto\MOCS_AS\Logical\MATLAB_includes\R2024b\sl_datatype_access.h"
    LogicalPath="MATLAB_includes.R2024b.sl_datatype_access.h"
    Type="File"
    LastWriteTime="134027482650000000"
    Private="false" />
  <Object
    Path="D:\Git\mocs_proto\MOCS_AS\Logical\MATLAB_includes\R2024b\sl_fileio_rtw.h"
    LogicalPath="MATLAB_includes.R2024b.sl_fileio_rtw.h"
    Type="File"
    LastWriteTime="134027482650000000"
    Private="false" />
  <Object
    Path="D:\Git\mocs_proto\MOCS_AS\Logical\MATLAB_includes\R2024b\sl_fixpt.h"
    LogicalPath="MATLAB_includes.R2024b.sl_fixpt.h"
    Type="File"
    LastWriteTime="134027482650000000"
    Private="false" />
  <Object
    Path="D:\Git\mocs_proto\MOCS_AS\Logical\MATLAB_includes\R2024b\sl_prodhwdevicetype.h"
    LogicalPath="MATLAB_includes.R2024b.sl_prodhwdevicetype.h"
    Type="File"
    LastWriteTime="134027482650000000"
    Private="false" />
  <Object
    Path="D:\Git\mocs_proto\MOCS_AS\Logical\MATLAB_includes\R2024b\sl_report_types.h"
    LogicalPath="MATLAB_includes.R2024b.sl_report_types.h"
    Type="File"
    LastWriteTime="134027482650000000"
    Private="false" />
  <Object
    Path="D:\Git\mocs_proto\MOCS_AS\Logical\MATLAB_includes\R2024b\sl_sample_time_defs.h"
    LogicalPath="MATLAB_includes.R2024b.sl_sample_time_defs.h"
    Type="File"
    LastWriteTime="134027482650000000"
    Private="false" />
  <Object
    Path="D:\Git\mocs_proto\MOCS_AS\Logical\MATLAB_includes\R2024b\sl_sfcn_st_api.h"
    LogicalPath="MATLAB_includes.R2024b.sl_sfcn_st_api.h"
    Type="File"
    LastWriteTime="134027482650000000"
    Private="false" />
  <Object
    Path="D:\Git\mocs_proto\MOCS_AS\Logical\MATLAB_includes\R2024b\sl_solver_rtw.h"
    LogicalPath="MATLAB_includes.R2024b.sl_solver_rtw.h"
    Type="File"
    LastWriteTime="134027482650000000"
    Private="false" />
  <Object
    Path="D:\Git\mocs_proto\MOCS_AS\Logical\MATLAB_includes\R2024b\sl_types_def.h"
    LogicalPath="MATLAB_includes.R2024b.sl_types_def.h"
    Type="File"
    LastWriteTime="134027482650000000"
    Private="false" />
  <Object
    Path="D:\Git\mocs_proto\MOCS_AS\Logical\MATLAB_includes\R2024b\slccrt.h"
    LogicalPath="MATLAB_includes.R2024b.slccrt.h"
    Type="File"
    LastWriteTime="134027482650000000"
    Private="false" />
  <Object
    Path="D:\Git\mocs_proto\MOCS_AS\Logical\MATLAB_includes\R2024b\slexec_block_runtime_service.h"
    LogicalPath="MATLAB_includes.R2024b.slexec_block_runtime_service.h"
    Type="File"
    LastWriteTime="134027482650000000"
    Private="false" />
  <Object
    Path="D:\Git\mocs_proto\MOCS_AS\Logical\MATLAB_includes\R2024b\slexec_parallel.h"
    LogicalPath="MATLAB_includes.R2024b.slexec_parallel.h"
    Type="File"
    LastWriteTime="134027482650000000"
    Private="false" />
  <Object
    Path="D:\Git\mocs_proto\MOCS_AS\Logical\MATLAB_includes\R2024b\slexec_simbridge.h"
    LogicalPath="MATLAB_includes.R2024b.slexec_simbridge.h"
    Type="File"
    LastWriteTime="134027482650000000"
    Private="false" />
  <Object
    Path="D:\Git\mocs_proto\MOCS_AS\Logical\MATLAB_includes\R2024b\slexec_simstruct_bridge.h"
    LogicalPath="MATLAB_includes.R2024b.slexec_simstruct_bridge.h"
    Type="File"
    LastWriteTime="134027482650000000"
    Private="false" />
  <Object
    Path="D:\Git\mocs_proto\MOCS_AS\Logical\MATLAB_includes\R2024b\slexec_ssExecutionInfo.h"
    LogicalPath="MATLAB_includes.R2024b.slexec_ssExecutionInfo.h"
    Type="File"
    LastWriteTime="134027482650000000"
    Private="false" />
  <Object
    Path="D:\Git\mocs_proto\MOCS_AS\Logical\MATLAB_includes\R2024b\slexec_vm_lookup_functions.h"
    LogicalPath="MATLAB_includes.R2024b.slexec_vm_lookup_functions.h"
    Type="File"
    LastWriteTime="134027482650000000"
    Private="false" />
  <Object
    Path="D:\Git\mocs_proto\MOCS_AS\Logical\MATLAB_includes\R2024b\slexec_vm_rt_functions.h"
    LogicalPath="MATLAB_includes.R2024b.slexec_vm_rt_functions.h"
    Type="File"
    LastWriteTime="134027482650000000"
    Private="false" />
  <Object
    Path="D:\Git\mocs_proto\MOCS_AS\Logical\MATLAB_includes\R2024b\slexec_vm_simstruct_bridge.h"
    LogicalPath="MATLAB_includes.R2024b.slexec_vm_simstruct_bridge.h"
    Type="File"
    LastWriteTime="134027482650000000"
    Private="false" />
  <Object
    Path="D:\Git\mocs_proto\MOCS_AS\Logical\MATLAB_includes\R2024b\slexec_vm_zc_functions.h"
    LogicalPath="MATLAB_includes.R2024b.slexec_vm_zc_functions.h"
    Type="File"
    LastWriteTime="134027482650000000"
    Private="false" />
  <Object
    Path="D:\Git\mocs_proto\MOCS_AS\Logical\MATLAB_includes\R2024b\slprocess.h"
    LogicalPath="MATLAB_includes.R2024b.slprocess.h"
    Type="File"
    LastWriteTime="134027482650000000"
    Private="false" />
  <Object
    Path="D:\Git\mocs_proto\MOCS_AS\Logical\MATLAB_includes\R2024b\slsa_engine_exec.h"
    LogicalPath="MATLAB_includes.R2024b.slsa_engine_exec.h"
    Type="File"
    LastWriteTime="134027482650000000"
    Private="false" />
  <Object
    Path="D:\Git\mocs_proto\MOCS_AS\Logical\MATLAB_includes\R2024b\slsa_sim_engine.h"
    LogicalPath="MATLAB_includes.R2024b.slsa_sim_engine.h"
    Type="File"
    LastWriteTime="134027482650000000"
    Private="false" />
  <Object
    Path="D:\Git\mocs_proto\MOCS_AS\Logical\MATLAB_includes\R2024b\slsv_diagnostic_codegen_c_api.h"
    LogicalPath="MATLAB_includes.R2024b.slsv_diagnostic_codegen_c_api.h"
    Type="File"
    LastWriteTime="134027482650000000"
    Private="false" />
  <Object
    Path="D:\Git\mocs_proto\MOCS_AS\Logical\MATLAB_includes\R2024b\slsv_diagnostic_deployment_c_api.h"
    LogicalPath="MATLAB_includes.R2024b.slsv_diagnostic_deployment_c_api.h"
    Type="File"
    LastWriteTime="134027482650000000"
    Private="false" />
  <Object
    Path="D:\Git\mocs_proto\MOCS_AS\Logical\MATLAB_includes\R2024b\slsv_diagnostic_logger_type.h"
    LogicalPath="MATLAB_includes.R2024b.slsv_diagnostic_logger_type.h"
    Type="File"
    LastWriteTime="134027482650000000"
    Private="false" />
  <Object
    Path="D:\Git\mocs_proto\MOCS_AS\Logical\MATLAB_includes\R2024b\slsv_mexhelper.h"
    LogicalPath="MATLAB_includes.R2024b.slsv_mexhelper.h"
    Type="File"
    LastWriteTime="134027482650000000"
    Private="false" />
  <Object
    Path="D:\Git\mocs_proto\MOCS_AS\Logical\MATLAB_includes\R2024b\solver_zc.h"
    LogicalPath="MATLAB_includes.R2024b.solver_zc.h"
    Type="File"
    LastWriteTime="134027482650000000"
    Private="false" />
  <Object
    Path="D:\Git\mocs_proto\MOCS_AS\Logical\MATLAB_includes\R2024b\sysran_types.h"
    LogicalPath="MATLAB_includes.R2024b.sysran_types.h"
    Type="File"
    LastWriteTime="134027482650000000"
    Private="false" />
  <Object
    Path="D:\Git\mocs_proto\MOCS_AS\Logical\MATLAB_includes\R2024b\tmwtypes.h"
    LogicalPath="MATLAB_includes.R2024b.tmwtypes.h"
    Type="File"
    LastWriteTime="134081735420000000"
    Private="false" />
  <Object
    Path="D:\Git\mocs_proto\MOCS_AS\Logical\MATLAB_includes\R2024b\updown.h"
    LogicalPath="MATLAB_includes.R2024b.updown.h"
    Type="File"
    LastWriteTime="134027482650000000"
    Private="false" />
  <Object
    Path="D:\Git\mocs_proto\MOCS_AS\Logical\MATLAB_includes\R2024b\updown_util.h"
    LogicalPath="MATLAB_includes.R2024b.updown_util.h"
    Type="File"
    LastWriteTime="134027482650000000"
    Private="false" />
  <Object
    Path="D:\Git\mocs_proto\MOCS_AS\Logical\MATLAB_includes\R2024b\upsup_public.h"
    LogicalPath="MATLAB_includes.R2024b.upsup_public.h"
    Type="File"
    LastWriteTime="134027482650000000"
    Private="false" />
  <Object
    Path="D:\Git\mocs_proto\MOCS_AS\Logical\MATLAB_includes\R2024b\sf_runtime\Package.pkg"
    LogicalPath="MATLAB_includes.R2024b.sf_runtime"
    Type="Package"
    LastWriteTime="134027482650000000" />
  <Object
    Path="D:\Git\mocs_proto\MOCS_AS\Logical\MATLAB_includes\R2024b\sf_runtime\MessageServiceLayer.h"
    LogicalPath="MATLAB_includes.R2024b.sf_runtime.MessageServiceLayer.h"
    Type="File"
    LastWriteTime="134027482650000000"
    Private="false" />
  <Object
    Path="D:\Git\mocs_proto\MOCS_AS\Logical\MATLAB_includes\R2024b\sf_runtime\sf_runtime_errors.h"
    LogicalPath="MATLAB_includes.R2024b.sf_runtime.sf_runtime_errors.h"
    Type="File"
    LastWriteTime="134027482650000000"
    Private="false" />
  <Object
    Path="D:\Git\mocs_proto\MOCS_AS\Logical\MATLAB_includes\R2024b\sf_runtime\sf_runtime_spec.h"
    LogicalPath="MATLAB_includes.R2024b.sf_runtime.sf_runtime_spec.h"
    Type="File"
    LastWriteTime="134027482650000000"
    Private="false" />
  <Object
    Path="D:\Git\mocs_proto\MOCS_AS\Logical\MATLAB_includes\R2024b\sf_runtime\sf_runtime_types.h"
    LogicalPath="MATLAB_includes.R2024b.sf_runtime.sf_runtime_types.h"
    Type="File"
    LastWriteTime="134027482650000000"
    Private="false" />
  <Object
    Path="D:\Git\mocs_proto\MOCS_AS\Logical\MATLAB_includes\R2024b\sf_runtime\sf_test_language.h"
    LogicalPath="MATLAB_includes.R2024b.sf_runtime.sf_test_language.h"
    Type="File"
    LastWriteTime="134027482650000000"
    Private="false" />
  <Object
    Path="D:\Git\mocs_proto\MOCS_AS\Logical\MATLAB_includes\R2024b\sf_runtime\sfc_api.h"
    LogicalPath="MATLAB_includes.R2024b.sf_runtime.sfc_api.h"
    Type="File"
    LastWriteTime="134027482650000000"
    Private="false" />
  <Object
    Path="D:\Git\mocs_proto\MOCS_AS\Logical\MATLAB_includes\R2024b\sf_runtime\sfc_messages.h"
    LogicalPath="MATLAB_includes.R2024b.sf_runtime.sfc_messages.h"
    Type="File"
    LastWriteTime="134027482650000000"
    Private="false" />
  <Object
    Path="D:\Git\mocs_proto\MOCS_AS\Logical\MATLAB_includes\R2024b\sf_runtime\sfc_mex.h"
    LogicalPath="MATLAB_includes.R2024b.sf_runtime.sfc_mex.h"
    Type="File"
    LastWriteTime="134027482650000000"
    Private="false" />
  <Object
    Path="D:\Git\mocs_proto\MOCS_AS\Logical\MATLAB_includes\R2024b\sf_runtime\sfc_sdi.h"
    LogicalPath="MATLAB_includes.R2024b.sf_runtime.sfc_sdi.h"
    Type="File"
    LastWriteTime="134027482650000000"
    Private="false" />
  <Object
    Path="D:\Git\mocs_proto\MOCS_AS\Logical\MATLAB_includes\R2024b\sf_runtime\sfc_sf.h"
    LogicalPath="MATLAB_includes.R2024b.sf_runtime.sfc_sf.h"
    Type="File"
    LastWriteTime="134027482650000000"
    Private="false" />
  <Object
    Path="D:\Git\mocs_proto\MOCS_AS\Logical\MATLAB_includes\R2024b\sf_runtime\sfcdebug.h"
    LogicalPath="MATLAB_includes.R2024b.sf_runtime.sfcdebug.h"
    Type="File"
    LastWriteTime="134027482650000000"
    Private="false" />
  <Object
    Path="D:\Git\mocs_proto\MOCS_AS\Logical\MATLAB_includes\R2024b\sf_runtime\slTestResult.h"
    LogicalPath="MATLAB_includes.R2024b.sf_runtime.slTestResult.h"
    Type="File"
    LastWriteTime="134027482650000000"
    Private="false" />
  <Object
    Path="D:\Git\mocs_proto\MOCS_AS\Logical\MATLAB_includes\R2024b\sf_runtime\slTestTypes.h"
    LogicalPath="MATLAB_includes.R2024b.sf_runtime.slTestTypes.h"
    Type="File"
    LastWriteTime="134027482650000000"
    Private="false" />
  <Object
    Path="D:\Git\mocs_proto\MOCS_AS\Logical\MATLAB_includes\R2024b\sf_runtime\utils.h"
    LogicalPath="MATLAB_includes.R2024b.sf_runtime.utils.h"
    Type="File"
    LastWriteTime="134027482650000000"
    Private="false" />
  <Object
    Path="D:\Git\mocs_proto\MOCS_AS\Logical\MATLAB_includes\R2024b\sf_runtime\ChartInfoStruct.h"
    LogicalPath="MATLAB_includes.R2024b.sf_runtime.ChartInfoStruct.h"
    Type="File"
    LastWriteTime="134027482650000000"
    Private="false" />
  <Object
    Path="D:\Git\mocs_proto\MOCS_AS\Logical\MATLAB_includes\R2024b\sf_runtime\DebuggerRuntimeInterface.h"
    LogicalPath="MATLAB_includes.R2024b.sf_runtime.DebuggerRuntimeInterface.h"
    Type="File"
    LastWriteTime="134027482650000000"
    Private="false" />
  <Object
    Path="D:\Git\mocs_proto\MOCS_AS\Logical\MATLAB_includes\R2024b\sf_runtime\sf_partitioning_execution_bridge.h"
    LogicalPath="MATLAB_includes.R2024b.sf_runtime.sf_partitioning_execution_bridge.h"
    Type="File"
    LastWriteTime="134027482650000000"
    Private="false" />
  <Object
    Path="D:\Git\mocs_proto\MOCS_AS\Logical\MATLAB_includes\R2024b\sf_runtime\stateflow_mdl_methods.stub"
    LogicalPath="MATLAB_includes.R2024b.sf_runtime.stateflow_mdl_methods.stub"
    Type="File"
    LastWriteTime="134027482650000000"
    Private="false" />
  <Object
    Path="D:\Git\mocs_proto\MOCS_AS\Physical\TestConfig\Config.pkg"
    LogicalPath="TestConfig"
    Type="Configuration.ParentUnknown"
    LastWriteTime="134078972447110826" />
  <Object
    Path="D:\Git\mocs_proto\MOCS_AS\Physical\TestConfig\Hardware.hw"
    LogicalPath="TestConfig.Hardware.hw"
    Type="File"
    LastWriteTime="134078972738580391"
    Private="false" />
  <Object
    Path="D:\Git\mocs_proto\MOCS_AS\Physical\TestConfig\Hardware.hwl"
    LogicalPath="TestConfig.Hardware.hwl"
    Type="File"
    LastWriteTime="134078973202350986"
    Private="false" />
  <Object
    Path="D:\Git\mocs_proto\MOCS_AS\Physical\TestConfig\X20CP1686X\Cpu.pkg"
    LogicalPath="TestConfig.X20CP1686X"
    Type="Cpu"
    LastWriteTime="134081838486416389" />
  <Object
    Path="D:\Git\mocs_proto\MOCS_AS\Physical\TestConfig\X20CP1686X\Cpu.sw"
    LogicalPath="TestConfig.X20CP1686X.Cpu.sw"
    Type="File"
    LastWriteTime="134081837986651438"
    Private="false" />
  <Object
    Path="D:\Git\mocs_proto\MOCS_AS\Physical\TestConfig\X20CP1686X\Cpu.per"
    LogicalPath="TestConfig.X20CP1686X.Cpu.per"
    Type="File"
    LastWriteTime="134078972446893349"
    Private="false" />
  <Object
    Path="D:\Git\mocs_proto\MOCS_AS\Physical\TestConfig\X20CP1686X\IoMap.iom"
    LogicalPath="TestConfig.X20CP1686X.IoMap.iom"
    Type="File"
    LastWriteTime="134078972446903317"
    Private="false" />
  <Object
    Path="D:\Git\mocs_proto\MOCS_AS\Physical\TestConfig\X20CP1686X\PvMap.vvm"
    LogicalPath="TestConfig.X20CP1686X.PvMap.vvm"
    Type="File"
    LastWriteTime="134078972446903317"
    Private="false" />
  <Object
    Path="D:\Git\mocs_proto\MOCS_AS\Physical\TestConfig\X20CP1686X\Connectivity\Package.pkg"
    LogicalPath="TestConfig.X20CP1686X.Connectivity"
    Type="Package"
    LastWriteTime="134078972446933216" />
  <Object
    Path="D:\Git\mocs_proto\MOCS_AS\Physical\TestConfig\X20CP1686X\Connectivity\OpcUA\Package.pkg"
    LogicalPath="TestConfig.X20CP1686X.Connectivity.OpcUA"
    Type="Package"
    LastWriteTime="134078972446923250" />
  <Object
    Path="D:\Git\mocs_proto\MOCS_AS\Physical\TestConfig\X20CP1686X\Connectivity\OpcUA\OpcUaMap.uad"
    LogicalPath="TestConfig.X20CP1686X.Connectivity.OpcUA.OpcUaMap.uad"
    Type="File"
    LastWriteTime="134080997694929694"
    Private="false" />
  <Object
    Path="D:\Git\mocs_proto\MOCS_AS\Physical\TestConfig\X20CP1686X\TextSystem\Package.pkg"
    LogicalPath="TestConfig.X20CP1686X.TextSystem"
    Type="Package"
    LastWriteTime="134078972446943220" />
  <Object
    Path="D:\Git\mocs_proto\MOCS_AS\Physical\TestConfig\X20CP1686X\UnitSystem\Package.pkg"
    LogicalPath="TestConfig.X20CP1686X.UnitSystem"
    Type="Package"
    LastWriteTime="134078972446953149" />
  <Object
    Path="D:\Git\mocs_proto\MOCS_AS\Physical\TestConfig\X20CP1686X\AccessAndSecurity\Package.pkg"
    LogicalPath="TestConfig.X20CP1686X.AccessAndSecurity"
    Type="Package"
    LastWriteTime="134078972447050980" />
  <Object
    Path="D:\Git\mocs_proto\MOCS_AS\Physical\TestConfig\X20CP1686X\AccessAndSecurity\UserRoleSystem\Package.pkg"
    LogicalPath="TestConfig.X20CP1686X.AccessAndSecurity.UserRoleSystem"
    Type="Package"
    LastWriteTime="134078972446977278" />
  <Object
    Path="D:\Git\mocs_proto\MOCS_AS\Physical\TestConfig\X20CP1686X\AccessAndSecurity\UserRoleSystem\Role.role"
    LogicalPath="TestConfig.X20CP1686X.AccessAndSecurity.UserRoleSystem.Role.role"
    Type="File"
    LastWriteTime="134078972446971942"
    Private="false" />
  <Object
    Path="D:\Git\mocs_proto\MOCS_AS\Physical\TestConfig\X20CP1686X\AccessAndSecurity\UserRoleSystem\User.user"
    LogicalPath="TestConfig.X20CP1686X.AccessAndSecurity.UserRoleSystem.User.user"
    Type="File"
    LastWriteTime="134078972446977278"
    Private="false" />
  <Object
    Path="D:\Git\mocs_proto\MOCS_AS\Physical\TestConfig\X20CP1686X\AccessAndSecurity\CertificateStore\Package.pkg"
    LogicalPath="TestConfig.X20CP1686X.AccessAndSecurity.CertificateStore"
    Type="Package"
    LastWriteTime="134078972447029134" />
  <Object
    Path="D:\Git\mocs_proto\MOCS_AS\Physical\TestConfig\X20CP1686X\AccessAndSecurity\CertificateStore\OwnCertificates\Package.pkg"
    LogicalPath="TestConfig.X20CP1686X.AccessAndSecurity.CertificateStore.OwnCertificates"
    Type="Package"
    LastWriteTime="134078972447004130" />
  <Object
    Path="D:\Git\mocs_proto\MOCS_AS\Physical\TestConfig\X20CP1686X\AccessAndSecurity\CertificateStore\OwnCertificates\Certificates\Package.pkg"
    LogicalPath="TestConfig.X20CP1686X.AccessAndSecurity.CertificateStore.OwnCertificates.Certificates"
    Type="Package"
    LastWriteTime="134078972446995710" />
  <Object
    Path="D:\Git\mocs_proto\MOCS_AS\Physical\TestConfig\X20CP1686X\AccessAndSecurity\CertificateStore\OwnCertificates\PrivateKeys\Package.pkg"
    LogicalPath="TestConfig.X20CP1686X.AccessAndSecurity.CertificateStore.OwnCertificates.PrivateKeys"
    Type="Package"
    LastWriteTime="134078972447004130" />
  <Object
    Path="D:\Git\mocs_proto\MOCS_AS\Physical\TestConfig\X20CP1686X\AccessAndSecurity\CertificateStore\ThirdPartyCertificates\Package.pkg"
    LogicalPath="TestConfig.X20CP1686X.AccessAndSecurity.CertificateStore.ThirdPartyCertificates"
    Type="Package"
    LastWriteTime="134078972447019130" />
  <Object
    Path="D:\Git\mocs_proto\MOCS_AS\Physical\TestConfig\X20CP1686X\AccessAndSecurity\CertificateStore\ThirdPartyCertificates\SoftwareCertificates\Package.pkg"
    LogicalPath="TestConfig.X20CP1686X.AccessAndSecurity.CertificateStore.ThirdPartyCertificates.SoftwareCertificates"
    Type="Package"
    LastWriteTime="134078972447019130" />
  <Object
    Path="D:\Git\mocs_proto\MOCS_AS\Physical\TestConfig\X20CP1686X\AccessAndSecurity\CertificateStore\CertificateRevocationLists\Package.pkg"
    LogicalPath="TestConfig.X20CP1686X.AccessAndSecurity.CertificateStore.CertificateRevocationLists"
    Type="Package"
    LastWriteTime="134078972447019130" />
  <Object
    Path="D:\Git\mocs_proto\MOCS_AS\Physical\TestConfig\X20CP1686X\AccessAndSecurity\CertificateStore\CertificateSigningRequests\Package.pkg"
    LogicalPath="TestConfig.X20CP1686X.AccessAndSecurity.CertificateStore.CertificateSigningRequests"
    Type="Package"
    LastWriteTime="134078972447029134" />
  <Object
    Path="D:\Git\mocs_proto\MOCS_AS\Physical\TestConfig\X20CP1686X\AccessAndSecurity\TransportLayerSecurity\Package.pkg"
    LogicalPath="TestConfig.X20CP1686X.AccessAndSecurity.TransportLayerSecurity"
    Type="Package"
    LastWriteTime="134078972447040722" />
  <Object
    Path="D:\Git\mocs_proto\MOCS_AS\Physical\TestConfig\X20CP1686X\AccessAndSecurity\Firewall\Package.pkg"
    LogicalPath="TestConfig.X20CP1686X.AccessAndSecurity.Firewall"
    Type="Package"
    LastWriteTime="134078972447050980" />
  <Object
    Path="D:\Git\mocs_proto\MOCS_AS\Physical\TestConfig\X20CP1686X\AccessAndSecurity\Firewall\Rules.firewallRules"
    LogicalPath="TestConfig.X20CP1686X.AccessAndSecurity.Firewall.Rules.firewallRules"
    Type="File"
    LastWriteTime="134078972447050980"
    Private="false" />
  <Object
    Path="D:\Git\mocs_proto\MOCS_AS\Physical\TestConfig\X20CP1686X\mappControl\Package.pkg"
    LogicalPath="TestConfig.X20CP1686X.mappControl"
    Type="Package"
    LastWriteTime="134078972447050980" />
  <Object
    Path="D:\Git\mocs_proto\MOCS_AS\Physical\TestConfig\X20CP1686X\mappMotion\Package.pkg"
    LogicalPath="TestConfig.X20CP1686X.mappMotion"
    Type="Package"
    LastWriteTime="134078972447061001" />
  <Object
    Path="D:\Git\mocs_proto\MOCS_AS\Physical\TestConfig\X20CP1686X\mappServices\Package.pkg"
    LogicalPath="TestConfig.X20CP1686X.mappServices"
    Type="Package"
    LastWriteTime="134078972447070960" />
  <Object
    Path="D:\Git\mocs_proto\MOCS_AS\Physical\TestConfig\X20CP1686X\mappSafety\Package.pkg"
    LogicalPath="TestConfig.X20CP1686X.mappSafety"
    Type="Package"
    LastWriteTime="134078972447090902" />
  <Object
    Path="D:\Git\mocs_proto\MOCS_AS\Physical\TestConfig\X20CP1686X\mappSafety\SafeApplication\Package.pkg"
    LogicalPath="TestConfig.X20CP1686X.mappSafety.SafeApplication"
    Type="Package"
    LastWriteTime="134078972447080962" />
  <Object
    Path="D:\Git\mocs_proto\MOCS_AS\Physical\TestConfig\X20CP1686X\mappSafety\SafeCommissioning\Package.pkg"
    LogicalPath="TestConfig.X20CP1686X.mappSafety.SafeCommissioning"
    Type="Package"
    LastWriteTime="134078972447080962" />
  <Object
    Path="D:\Git\mocs_proto\MOCS_AS\Physical\TestConfig\X20CP1686X\mappView\Package.pkg"
    LogicalPath="TestConfig.X20CP1686X.mappView"
    Type="Package"
    LastWriteTime="134078972447090902" />
  <Object
    Path="D:\Git\mocs_proto\MOCS_AS\Physical\TestConfig\X20CP1686X\mappVision\Package.pkg"
    LogicalPath="TestConfig.X20CP1686X.mappVision"
    Type="Package"
    LastWriteTime="134078972447100897" />
  <Object
    Path="D:\Git\mocs_proto\MOCS_AS\Physical\TestConfig\X20CP1686X\mappCockpit\Package.pkg"
    LogicalPath="TestConfig.X20CP1686X.mappCockpit"
    Type="Package"
    LastWriteTime="134078972447100897" />
  <Object
    Path="D:\Git\mocs_proto\MOCS_AS\Physical\TestConfig\Hardware.jpg"
    LogicalPath="TestConfig.Hardware.jpg"
    Type="File"
    LastWriteTime="134078973202759645"
    Private="false" />
</Objects>