D:\Git\mocs_proto\MOCS_AS\Logical\Global.typ
D:\Git\mocs_proto\MOCS_AS\Logical\Global.var
D:\Git\mocs_proto\MOCS_AS\Logical\RcpTypes.typ
D:\Git\mocs_proto\MOCS_AS\Logical\MATLAB_Interface\MAT_IF.var
D:\Git\mocs_proto\MOCS_AS\Logical\MATLAB_Interface\MAT_AL.typ
D:\Git\mocs_proto\MOCS_AS\Logical\MATLAB_Interface\MAT_IO.var
D:\Git\mocs_proto\MOCS_AS\Logical\MATLAB_Interface\MAT_IO.typ
D:\Git\mocs_proto\MOCS_AS\Logical\Libraries\operator\operator.fun
D:\Git\mocs_proto\MOCS_AS\Logical\Libraries\operator\operator.typ
D:\Git\mocs_proto\MOCS_AS\Logical\Libraries\operator\operator.var
D:\Git\mocs_proto\MOCS_AS\Logical\Libraries\runtime\runtime.fun
D:\Git\mocs_proto\MOCS_AS\Logical\Libraries\runtime\runtime.typ
D:\Git\mocs_proto\MOCS_AS\Logical\Libraries\runtime\runtime.var
D:\Git\mocs_proto\MOCS_AS\Logical\Libraries\astime\astime.fun
D:\Git\mocs_proto\MOCS_AS\Logical\Libraries\astime\astime.typ
D:\Git\mocs_proto\MOCS_AS\Logical\Libraries\astime\astime.var
D:\Git\mocs_proto\MOCS_AS\Logical\Libraries\AsIecCon\AsIecCon.fun
D:\Git\mocs_proto\MOCS_AS\Logical\Libraries\AsIecCon\AsIecCon.typ
D:\Git\mocs_proto\MOCS_AS\Logical\Libraries\AsIecCon\AsIecCon.var
D:\Git\mocs_proto\MOCS_AS\Logical\Libraries\brsystem\brsystem.fun
D:\Git\mocs_proto\MOCS_AS\Logical\Libraries\brsystem\brsystem.typ
D:\Git\mocs_proto\MOCS_AS\Logical\Libraries\brsystem\brsystem.var
D:\Git\mocs_proto\MOCS_AS\Logical\Libraries\sys_lib\sys_lib.fun
D:\Git\mocs_proto\MOCS_AS\Logical\Libraries\sys_lib\sys_lib.typ
D:\Git\mocs_proto\MOCS_AS\Logical\Libraries\sys_lib\sys_lib.var
